Archive member included because of file (symbol)

../Compiler/SGL_302j/lib_coff\libcd.a(CDC_DRV.O)
                              ../jo_engine/audio.o (CDC_CdPlay)
../Compiler/SGL_302j/lib_coff\libcd.a(CDC_CMN.O)
                              ../jo_engine/audio.o (CDC_CdInit)
../Compiler/SGL_302j/lib_coff\libcd.a(GFS.O)
                              ../jo_engine/fs.o (GFS_Init)
../Compiler/SGL_302j/lib_coff\libcd.a(CDC_SUB.O)
                              ../Compiler/SGL_302j/lib_coff\libcd.a(CDC_CMN.O) (CDSUB_UpdStatus)
../Compiler/SGL_302j/lib_coff\libcd.a(CDC_REG.O)
                              ../Compiler/SGL_302j/lib_coff\libcd.a(CDC_CMN.O) (CDREG_ClrHirqReq)
../Compiler/SGL_302j/lib_coff\libcd.a(GFS_CDF.O)
                              ../Compiler/SGL_302j/lib_coff\libcd.a(GFS.O) (GFCF_Init)
../Compiler/SGL_302j/lib_coff\libcd.a(GFS_DIR.O)
                              ../Compiler/SGL_302j/lib_coff\libcd.a(GFS.O) (GFDR_SetupDirTbl)
../Compiler/SGL_302j/lib_coff\libcd.a(GFS_TRN.O)
                              ../Compiler/SGL_302j/lib_coff\libcd.a(GFS.O) (GFTR_Setup)
../Compiler/SGL_302j/lib_coff\libcd.a(GFS_BUF.O)
                              ../Compiler/SGL_302j/lib_coff\libcd.a(GFS.O) (GFBF_GetNumData)
../Compiler/SGL_302j/lib_coff\libcd.a(GFS_CDB.O)
                              ../Compiler/SGL_302j/lib_coff\libcd.a(GFS_CDF.O) (GFCB_Setup)
../Compiler/SGL_302j/lib_coff\libcd.a(GFS_CDC.O)
                              ../Compiler/SGL_302j/lib_coff\libcd.a(GFS.O) (GFCD_SetCdbfs)
../Compiler/SGL_302j/lib_coff\libcd.a(CDC_CFS.O)
                              ../Compiler/SGL_302j/lib_coff\libcd.a(GFS_CDC.O) (CDC_ChgDir)
../Compiler/SGL_302j/lib_coff\libcd.a(CDC_BIO.O)
                              ../Compiler/SGL_302j/lib_coff\libcd.a(GFS_CDC.O) (CDC_SetSctLen)
../Compiler/SGL_302j/lib_coff\libcd.a(CDC_SEL.O)
                              ../Compiler/SGL_302j/lib_coff\libcd.a(GFS_CDC.O) (CDC_SetFiltRange)
../Compiler/SGL_302j/lib_coff\libcd.a(CDC_BIF.O)
                              ../Compiler/SGL_302j/lib_coff\libcd.a(GFS_CDC.O) (CDC_GetBufSiz)
../Compiler/SGL_302j/lib_coff\libcd.a(CDC_DEV.O)
                              ../Compiler/SGL_302j/lib_coff\libcd.a(GFS_CDC.O) (CDC_CdSetCon)
../Compiler/SGL_302j/lib_coff\libsgl.a(sglH00.o)
                              ../jo_engine/backup.o (slRequestCommand)
../Compiler/SGL_302j/lib_coff\libsgl.a(sglF00.o)
                              ../jo_engine/core.o (slCurColor)
../Compiler/SGL_302j/lib_coff\libsgl.a(sglF05.o)
                              main.o (slPrint)
../Compiler/SGL_302j/lib_coff\libsgl.a(sglC06.o)
                              main.o (slDispSprite)
../Compiler/SGL_302j/lib_coff\libsgl.a(sglI01.o)
                              ../jo_engine/core.o (slSynch)
../Compiler/SGL_302j/lib_coff\libsgl.a(sglG01.o)
                              ../jo_engine/audio.o (slSndVolume)
../Compiler/SGL_302j/lib_coff\libsgl.a(sglG00.o)
                              ../jo_engine/audio.o (slInitSound)
../Compiler/SGL_302j/lib_coff\libsgl.a(sglG19.o)
                              ../jo_engine/audio.o (slCDDAOn)
../Compiler/SGL_302j/lib_coff\libsgl.a(sglG25.o)
                              ../jo_engine/audio.o (slPCMStat)
../Compiler/SGL_302j/lib_coff\libsgl.a(sglG21.o)
                              ../jo_engine/audio.o (slPCMOn)
../Compiler/SGL_302j/lib_coff\libsgl.a(sglG22.o)
                              ../jo_engine/audio.o (slPCMOff)
../Compiler/SGL_302j/lib_coff\libsgl.a(sglIc0.o)
                              ../jo_engine/core.o (slInitSystem)
../Compiler/SGL_302j/lib_coff\libsgl.a(sglB001.o)
                              ../jo_engine/core.o (slTVOn)
../Compiler/SGL_302j/lib_coff\libsgl.a(sglB016.o)
                              ../jo_engine/core.o (slBack1ColSet)
../Compiler/SGL_302j/lib_coff\libsgl.a(sglB063.o)
                              ../jo_engine/core.o (slPriority)
../Compiler/SGL_302j/lib_coff\libsgl.a(sglB200.o)
                              ../jo_engine/core.o (slCharNbg0)
../Compiler/SGL_302j/lib_coff\libsgl.a(sglB056.o)
                              ../jo_engine/core.o (slPlaneNbg1)
../Compiler/SGL_302j/lib_coff\libsgl.a(sglB032.o)
                              ../jo_engine/core.o (slMapNbg1)
../Compiler/SGL_302j/lib_coff\libsgl.a(sglB011.o)
                              ../jo_engine/core.o (slBitMapNbg1)
../Compiler/SGL_302j/lib_coff\libsgl.a(sglB053.o)
                              ../jo_engine/core.o (slZoomNbg1)
../Compiler/SGL_302j/lib_coff\libsgl.a(sglB015.o)
                              ../jo_engine/core.o (slScrAutoDisp)
../Compiler/SGL_302j/lib_coff\libsgl.a(sglA20.o)
                              ../Compiler/SGL_302j/lib_coff\libsgl.a(sglIc0.o) (slInitMatrix)
../Compiler/SGL_302j/lib_coff\libsgl.a(sglF08.o)
                              ../jo_engine/tools.o (slDec2Hex)
../Compiler/SGL_302j/lib_coff\libsgl.a(sglH01.o)
                              ../jo_engine/tools.o (slGetLanguage)
../Compiler/SGL_302j/lib_coff\libsgl.a(sglD00.o)
[...]
Memory Configuration

Name             Origin             Length             Attributes
*default*        0x00000000         0xffffffff

Linker script and memory map

TARGET(coff-sh)

SLSTART         0x06004000       0x30
                0x06004000                ___Start = .
 *(SLSTART)
 SLSTART        0x06004000       0x28 ../Compiler/SGL_302j/lib_coff\libsgl.a(sglI00.o)
                0x06004002                slStartSGL
                0x06004000                SGL_Start

.text           0x06004040    0x1dc70
 *(.text)
 .text          0x06004040       0x60 ../Compiler/COMMON/cinit.o
                0x06004040                main
 .text          0x060040a0     0x19e0 main.o
                0x060046e0                ss_main
                0x060040b0                cargar_puntuacion
                0x060041d0                compactar_array_bolitas
                0x06004150                guardar_puntuacion
                0x060049b0                my_gamepad
                0x06004290                cargar_nivel
                0x06004c80                comprobar_colisiones
                0x06004f70                my_draw
                0x06004230                contar_bolitas
                0x060045a0                decrementar_temperatura
 .text          0x06005a80      0x710 ../jo_engine/font.o
                0x06005e00                jo_font_print_centered
                0x06005fd0                jo_font_print
                0x06005b00                jo_font_load
 .text          0x06006190      0x1e0 ../jo_engine/effects.o
                0x06006190                jo_effect_laser
 .text          0x06006370       0x10 ../jo_engine/video.o
                0x06006370                jo_video_init
 .text          0x06006380       0x70 ../jo_engine/input.o
                0x06006380                jo_get_input_type
 .text          0x060063f0      0xd10 ../jo_engine/backup.o
                0x060064a0                jo_backup_format_device
                0x06007010                jo_backup_get_last_status
                0x06006430                jo_backup_get_free_block_count
                0x06006e00                jo_backup_unmount
                0x06006760                jo_backup_file_exists
                0x06006ef0                jo_backup_get_file_last_modified_date
                0x06006d40                jo_backup_delete_file
                0x06006870                jo_backup_save_file_contents
                0x06006bc0                jo_backup_load_file_contents
                0x060065b0                jo_backup_mount
 .text          0x06007100      0xdf0 ../jo_engine/3d.o
                0x06007120                jo_3d_create_plane
                0x06007740                jo_3d_set_mesh_color
                0x06007690                jo_3d_set_mesh_texture
                0x06007300                jo_3d_set_mesh_polygon_texture
                0x06007500                jo_3d_set_mesh_polygon_screen_doors
                0x06007920                jo_3d_set_mesh_light
                0x06007cb0                jo_3d_create_sprite_quad
                0x06007430                jo_3d_set_mesh_polygon_light
                0x06007100                jo_3d_init
                0x06007810                jo_3d_create_triangle
                0x060071d0                jo_3d_set_mesh_polygon_color
                0x060075d0                jo_3d_set_mesh_polygon_transparency
                0x06007a60                jo_3d_create_cube
                0x060079d0                jo_3d_set_mesh_screen_doors
                0x060077e0                jo_3d_free_sprite_quad
                0x06007880                jo_3d_set_mesh_transparency
 .text          0x06007ef0      0x390 ../jo_engine/math.o
                0x06008160                jo_sqrt
                0x060081f0                jo_gcd
                0x06007ef0                jo_atan2f_rad
 .text          0x06008280      0x550 ../jo_engine/malloc.o
                0x06008720                jo_memory_fragmentation
                0x06008580                jo_memory_usage_percent
                0x06008280                jo_add_memory_zone
                0x060084c0                jo_free
                0x06008320                jo_malloc_with_behaviour
 .text          0x060087d0      0x4f0 ../jo_engine/audio.o
                0x06008840                jo_audio_init
                0x06008aa0                jo_audio_usage_percent
                0x06008b20                jo_audio_free_pcm
                0x06008820                jo_audio_stop_cd
                0x060088e0                jo_audio_play_sound_on_channel
                0x060089f0                jo_audio_play_sound
                0x06008b70                jo_audio_stop_sound
                0x06008c50                jo_audio_load_pcm
                0x060087d0                jo_audio_play_cd_track
                0x06008810                jo_audio_set_volume
 .text          0x06008cc0      0x700 ../jo_engine/fs.o
                0x060091a0                jo_fs_read_file
                0x06008ce0                jo_fs_init
                0x06008ef0                jo_fs_read_file_async
                0x060090e0                jo_fs_cd
                0x06008d70                jo_fs_do_background_jobs
                0x06009320                jo_fs_read_file_in_dir
 .text          0x060093c0      0x8e0 ../jo_engine/core.o
                0x060093f0                jo_core_suspend
                0x060098c0                jo_core_add_callback
                0x06009bc0                jo_core_run
                0x060093c0                jo_goto_boot_menu
                0x060095b0                __jo_core_error
                0x06009850                jo_core_remove_callback
                0x06009950                jo_core_init
 .text          0x06009ca0      0x6a0 ../jo_engine/tools.o
                0x0600a250                jo_endwith
                0x06009cc0                jo_getdate
                0x0600a0c0                jo_clear_screen
                0x0600a1d0                jo_strlen
                0x0600a030                jo_get_current_language
                0x06009d90                jo_get_ticks
                0x0600a130                jo_tools_atoi
 .text          0x0600a340      0x820 ../jo_engine/sprites.o
                0x0600a350                jo_sprite_usage_percent
                0x0600aa60                jo_sprite_add_8bits_image
                0x0600a340                jo_get_last_sprite_id
                0x0600a400                jo_sprite_init
                0x0600a450                jo_sprite_name2id
                0x0600a630                jo_sprite_replace
                0x0600a810                __internal_jo_sprite_add
                0x0600aac0                jo_set_gouraud_shading_colors
                0x0600a500                jo_sprite_free_from
                0x0600ab00                jo_set_gouraud_shading_brightness
                0x0600a9f0                jo_sprite_add
 .text          0x0600ab60      0x970 ../jo_engine/tga.o
                0x0600b190                jo_tga_loader_from_stream
                0x0600b3a0                jo_sprite_add_tga
                0x0600b250                jo_sprite_add_tga_from_stream
                0x0600b120                jo_tga_loader
                0x0600ad10                jo_sprite_add_tga_tileset
                0x0600aba0                __jo_tga_load
 .text          0x0600b4d0      0xf80 ../jo_engine/map.o
                0x0600b820                jo_map_per_pixel_vertical_collision
                0x0600ba00                jo_map_draw
                0x0600b4f0                jo_map_create
                0x0600bc70                jo_map_add_tile
                0x0600bd20                jo_map_add_animated_tile
                0x0600be50                jo_map_load_from_file
                0x0600b630                jo_map_free
                0x0600b650                jo_map_move_tiles_by_attribute
                0x0600bb20                jo_map_3d_draw
                0x0600b780                jo_map_hitbox_detection_custom_boundaries
                0x0600b570                jo_map_draw_background
 .text          0x0600c450      0x160 ../jo_engine/list.o
                0x0600c450                jo_list_remove
                0x0600c4e0                jo_list_init
                0x0600c510                jo_list_add
 .text          0x0600c5b0      0x320 ../jo_engine/sprite_animator.o
                0x0600c8a0                jo_clear_all_sprite_anim
                0x0600c7b0                jo_create_sprite_anim
                0x0600c6a0                jo_replace_sprite_anim
 .text          0x0600c8d0      0x4b0 ../jo_engine/mode7.o
                0x0600c930                jo_do_mode7_floor
                0x0600cc60                jo_init_mode7_for_image_output
                0x0600c8d0                jo_update_screen_output_coord_for_mode7
                0x0600cd20                jo_init_mode7_for_screen_output
                0x0600c900                jo_free_mode7
 .text          0x0600cd80      0xbc0 ../jo_engine/image.o
                0x0600cda0                jo_free_img
                0x0600d3b0                jo_sprite_add_image_pack
                0x0600ce90                __jo_bin_load
                0x0600ce10                jo_replace_color
                0x0600d080                jo_sprite_add_bin_from_stream
                0x0600cf20                jo_bin_loader_from_stream
                0x0600d6b0                jo_sprite_add_bin_tileset
                0x0600d590                jo_bin_loader
                0x0600d190                jo_sprite_add_bin
 .text          0x0600d940      0x220 ../jo_engine/background.o
                0x0600da10                jo_clear_background
                0x0600da70                jo_set_background_sprite
                0x0600d940                jo_draw_background_line
 .text          0x0600db60      0x130 ../Compiler/SGL_302j/lib_coff\libcd.a(CDC_DRV.O)
                0x0600db60                CDC_CdPlay
                0x0600dc2c                CDC_CdSeek
                0x0600dc60                CDC_CdScan
 .text          0x0600dc90      0x3a0 ../Compiler/SGL_302j/lib_coff\libcd.a(CDC_CMN.O)
                0x0600de34                CDC_TgetToc
                0x0600dfd8                CDC_DataEnd
                0x0600dcf8                CDC_GetPeriStat
                0x0600df6c                CDC_DataReady
                0x0600df44                CDC_CdOpen
                0x0600dec0                CDC_CdInit
                0x0600de84                CDC_GetSes
                0x0600dce0                CDC_GetLastStat
                0x0600dc90                CDC_GetCurStat
                0x0600ddcc                CDC_GetHwInfo
 .text          0x0600e030     0x1adc ../Compiler/SGL_302j/lib_coff\libcd.a(GFS.O)
                0x0600e030                gfs_version
                0x0600f2a0                gfs_mngGetNumFile
                0x0600f9fc                gfs_closeSub
                0x0600edbc                GFS_SetGmode
                0x0600f078                GFS_SetErrFunc
                0x0600f1c8                gfs_mngSetupFuncTbl
                0x0600e388                GFS_Reset
                0x0600f0f0                gfs_chgRoot
                0x0600f1bc                gfs_aborttrans
                0x0600f4a0                gfs_svrAddHndl
                0x0600f350                gfs_mngFreeGrp
                0x0600f0c8                GFS_ConvTno
                0x0600f654                gfs_getRootDir
                0x0600f0a4                GFS_GetErrStat
                0x0600e4f8                GFS_Seek
                0x0600eb68                GFS_NwStop
                0x0600f35c                gfs_mngTermAccess
                0x0600e40c                GFS_Open
                0x0600f308                GFS_mngAllocGrp
                0x0600fa44                gfs_isTaskDone
                0x0600e868                GFS_Fread
                0x0600efc0                GFS_StartTrans
                0x0600f9bc                gfs_GetFinfo
                0x0600f1fc                gfs_mngInitWork
                0x0600e650                GFS_ByteToSct
                0x0600f460                gfs_svrSearchHndl
                0x0600f750                gfs_loadRootDir
                0x0600e2ac                GFS_IdToName
                0x0600e9ac                GFS_NwFread
                0x0600eef0                GFS_SetTransPara
                0x0600eab8                GFS_NwCdRead
                0x0600f590                gfs_loadVol
                0x0600ee8c                GFS_SetReadPara
                0x0600e5ac                GFS_Tell
                0x0600ee20                GFS_SetTmode
                0x0600f924                GFS_GetFad
                0x0600ef5c                GFS_SetTrFunc
                0x0600f00c                GFS_CdMovePickup
                0x0600e248                GFS_NameToId
                0x0600ec80                GFS_NwExecOne
                0x0600f7d8                gfs_flowIn
                0x0600e708                GFS_GetFileInfo
                0x0600f880                gfs_transData
                0x0600f4dc                gfs_svrRemoveHndl
                0x0600eb30                GFS_NwIsComplete
                0x0600fa38                gfs_getGmode
                0x0600ebd4                GFS_NwGetStat
                0x0600f538                GFS_OpenSub
                0x0600e1e0                GFS_SetDir
                0x0600e6ac                GFS_GetFileSize
                0x0600e77c                GFS_GetNumCdbuf
                0x0600fa98                gfs_convFinStat
                0x0600e7a4                GFS_Load
                0x0600e904                gfs_waitRead
                0x0600e138                GFS_LoadDir
                0x0600e318                GFS_GetDirInfo
                0x0600e4c0                GFS_Close
                0x0600e050                GFS_Init
                0x0600ec50                gfs_recovRdErr
                0x0600f3e0                gfs_mngSetErrCode
                0x0600ed40                GFS_NwExecServer
                0x0600e5fc                GFS_IsEof
                0x0600f97c                gfs_SetSct
 *fill*         0x0600fb0c        0x4 00
 .text          0x0600fb10      0x152 ../Compiler/SGL_302j/lib_coff\libcd.a(CDC_SUB.O)
                0x0600fbb8                CDSUB_GetCdstat
                0x0600fb28                CDSUB_UpdCdstat
                0x0600fbf8                CDSUB_RspToCdstat
                0x0600fc40                CDSUB_SoftTimer
                0x0600fb10                CDSUB_UpdStatus
                0x0600fb48                CDSUB_CdCmd
 *fill*         0x0600fc62        0xe 00
 .text          0x0600fc70      0x2dc ../Compiler/SGL_302j/lib_coff\libcd.a(CDC_REG.O)
                0x0600fcc4                CDREG_ClrHirqReq
                0x0600fc94                CDC_ClrHirqReq
                0x0600fd44                CDREG_TgetData
                0x0600fd34                CDC_GetMpegPtr
                0x0600fd10                CDC_GetHirqMsk
                0x0600fc70                CDC_GetDataPtr
                0x0600fc80                CDC_GetHirqReq
                0x0600fea0                CDREG_WaitHirq
                0x0600fd24                CDC_SetHirqMsk
                0x0600fda0                CDREG_CmdRsp
                0x0600fcd4                CDREG_InitHirqReq
                0x0600fcfc                CDREG_SetHirqFlag
                0x0600ff10                CDREG_ReadRsp
 *fill*         0x0600ff4c        0x4 00
 .text          0x0600ff50      0x8d8 ../Compiler/SGL_302j/lib_coff\libcd.a(GFS_CDF.O)
                0x06010444                GFCF_Seek
                0x0601054c                GFCF_GetStat
                0x0601042c                GFCF_Tell
                0x0600fff0                GFCF_Setup
                0x060104f8                GFCF_cnvIntlvOfs
                0x0600ff50                GFCF_Init
                0x060103e4                GFCF_Recover
                0x06010138                GFCF_SetSct
                0x0601045c                GFCF_MovePickup
                0x06010620                gfcf_isCdOk
                0x060101f0                GFCF_FlowInBuf
                0x0601017c                GFCF_GetFileInfo
                0x06010344                GFCF_StopInBuf
                0x060105e4                gfcf_getSctSize
                0x060106e0                gfcf_getPlayRange
 *fill*         0x06010828        0x8 00
 .text          0x06010830      0x92c ../Compiler/SGL_302j/lib_coff\libcd.a(GFS_DIR.O)
                0x06010d20                gfdr_setNextRec
                0x06011120                gfdr_setDirrecCd
                0x06010b18                gfdr_open
                0x0601092c                GFDR_GetAtrDirId
                0x06010c00                gfdr_readByte
                0x06010830                GFDR_SetupDirTbl
                0x06010cf8                gfdr_readLongNM
                0x06010da4                gfdr_readDirEnt
                0x0601095c                GFDR_ChgRoot
                0x060108a4                GFDR_NameToId
                0x060109e8                gfdr_setupDirIdTbl
                0x06010944                GFDR_GetAtrDirName
                0x06010904                GFDR_GetInfoDirId
                0x06010cac                gfdr_readLongNB
                0x06010b40                gfdr_read
                0x06010c2c                gfdr_readWord
                0x06010a6c                gfdr_setupDirNameTbl
                0x06010918                GFDR_GetInfoDirName
                0x06010974                GFDR_ChgDir
                0x06010c58                gfdr_readWordNB
 *fill*         0x0601115c        0x4 00
 .text          0x06011160      0x9c6 ../Compiler/SGL_302j/lib_coff\libcd.a(GFS_TRN.O)
                0x06011240                GFTR_SetTransMax
                0x06011610                gftr_execScu
                0x06011b14                GFTR_SetTransFunc
                0x060119dc                gftr_remTrn
                0x06011b00                GFTR_SetData
                0x06011800                gftr_execSdma1
                0x06011a50                gftr_copyFrac
                0x06011234                GFTR_GetNumTrans
                0x060111d4                GFTR_SetMode
                0x060117d0                gftr_remDma0
                0x06011a78                GFTR_GetLenData
                0x06011604                gftr_reqScu
                0x060117e8                gftr_reqDma1
                0x06011520                gftr_getSrcPack
                0x06011ad0                GFTR_RtnDstPk
                0x060116ec                gfdma_exec
                0x06011904                gftr_execTrn
                0x06011418                GFTR_ExecSvr
                0x06011894                gftr_reqTrn
                0x0601175c                gfdma_getBytecnt
                0x0601183c                gftr_reqCpu
                0x06011a9c                GFTR_GetDstPack
                0x06011794                gftr_reqDma0
                0x060113a0                GFTR_Idle
                0x06011258                GFTR_Pause
                0x06011228                GFTR_GetTransPara
                0x06011888                gftr_remCpu
                0x060111f4                GFTR_SetTransPara
                0x06011824                gftr_remDma1
                0x06011264                GFTR_Stop
                0x060117ac                gftr_execSdma0
                0x06011190                GFTR_Setup
                0x060116ac                gftr_remScu
                0x060115a8                gftr_getDstPack
                0x060116e0                gfdma_canUse
                0x0601131c                GFTR_Exec
                0x06011aec                GFTR_GetData
                0x0601124c                GFTR_Start
                0x060111e8                GFTR_SetUnit
                0x06011848                gftr_execCpu
                0x06011a84                GFTR_GetLenRoom
 *fill*         0x06011b26        0xa 00
 .text          0x06011b30      0x106 ../Compiler/SGL_302j/lib_coff\libcd.a(GFS_BUF.O)
                0x06011b88                GFBF_GetNumData
                0x06011c04                GFBF_RtnPk
                0x06011bb8                GFBF_GetSrcPk
                0x06011c2c                gfbf_getSctDt
                0x06011b60                GFBF_GetTranData
                0x06011be0                GFBF_GetSctData
 *fill*         0x06011c36        0xa 00
 .text          0x06011c40      0x600 ../Compiler/SGL_302j/lib_coff\libcd.a(GFS_CDB.O)
                0x060121e8                GFCB_GetPickup
                0x06011d60                GFCB_Close
                0x0601202c                GFCB_GetSrcPack
                0x060121b4                GFCB_SetCon
                0x06011e34                GFCB_GetLenRoom
                0x06012198                GFCB_MovePickup
                0x0601210c                GFCB_GetSctData
                0x06011e40                GFCB_SetFilt
                0x06011d88                GFCB_GetLenData
                0x06012228                GFCB_UngetPickup
                0x06011c40                GFCB_Setup
                0x06011ed0                GFCB_Tell
                0x06012210                GFCB_IsPuOwner
                0x06011f30                GFCB_Seek
                0x06011ea8                GFCB_DeleteAllData
                0x06012144                GFCB_GetDstPack
                0x06011ee0                gfcb_getSctNum
                0x06012150                GFCB_RtnPk
 .text          0x06012240     0x1a10 ../Compiler/SGL_302j/lib_coff\libcd.a(GFS_CDC.O)
                0x060124dc                GFCD_AllocBuf
                0x060132c4                gfcd_doGetLenDataTsk
                0x06013b60                GFCD_SetCsctFunc
                0x060125b4                GFCD_GetBaseFad
                0x06012730                GFCD_GetFilt
                0x06013750                gfcd_doChgDirTsk
                0x06013a90                gfcd_checkEflag
                0x06012a78                GFCD_MovePickup
                0x06012b5c                GFCD_GetSctInfo
                0x06013418                gfcd_doReqDataTsk
                0x06012ba4                GFCD_ChgDir
                0x06012898                GFCD_ReqData
                0x06013b7c                GFCD_ChkScdqFlag
                0x06013034                GFCD_WaitServer
                0x0601293c                GFCD_DelSctData
                0x06012e14                GFCD_ExecServer
                0x06013234                gfcd_doSetConTsk
                0x06012470                GFCD_AllocFilt
                0x0601266c                GFCD_SetFilt
                0x06013070                gfcd_doSetFiltTsk
                0x06013ba0                GFCD_ClrScdqFlag
                0x060134b8                gfcd_doDelSctDataTsk
                0x06012f74                gfcd_doTask
                0x060125e8                GFCD_GetPickup
                0x06012b38                GFCD_CheckMove
                0x06013bbc                GFCD_WaitScdqFlag
                0x060127d0                GFCD_Play
                0x060135ec                gfcd_doMoveSctTsk
                0x06012778                GFCD_SetCon
                0x06012c18                GFCD_SetFiltCon
                0x06013c00                GFCD_WaitPause
                0x06012ddc                GFCD_GetBufSiz
                0x0601261c                GFCD_UngetPickup
                0x06012d00                GFCD_GetFileInfo
                0x060128f4                GFCD_EndData
                0x06012510                GFCD_FreeBuf
                0x06012830                GFCD_GetLenData
                0x060124ac                GFCD_FreeFilt
                0x06012ee8                gfcd_isIdleTask
                0x0601226c                GFCD_Init
                0x0601394c                gfcd_doSetFiltConTsk
                0x060129c4                GFCD_GetStat
                0x06012ac4                GFCD_MoveSctData
                0x06012648                GFCD_IsPuOwner
                0x06013ab4                gfcd_initCdbMng
                0x06012240                GFCD_SetCdbfs
                0x06013020                GFCD_SetTimer
                0x06013b34                gfcd_setStat
                0x06012994                GFCD_CheckDelSctData
 .text          0x06013c50      0x194 ../Compiler/SGL_302j/lib_coff\libcd.a(CDC_CFS.O)
                0x06013c50                CDC_ChgDir
                0x06013c84                CDC_ReadDir
                0x06013da8                CDC_AbortFile
                0x06013cb8                CDC_GetFileScope
                0x06013d18                CDC_TgetFileInfo
                0x06013d74                CDC_ReadFile
 *fill*         0x06013de4        0xc 00
 .text          0x06013df0      0x1e4 ../Compiler/SGL_302j/lib_coff\libcd.a(CDC_BIO.O)
                0x06013e9c                CDC_GetdelSctData
                0x06013e24                CDC_GetSctData
                0x06013ed8                CDC_PutSctData
                0x06013f54                CDC_MoveSctData
                0x06013f98                CDC_GetCopyErr
                0x06013e60                CDC_DelSctData
                0x06013df0                CDC_SetSctLen
                0x06013f10                CDC_CopySctData
 *fill*         0x06013fd4        0xc 00
 .text          0x06013fe0      0x2b8 ../Compiler/SGL_302j/lib_coff\libcd.a(CDC_SEL.O)
                0x06014210                CDC_GetFiltCon
                0x0601418c                CDC_GetFiltMode
                0x06014264                CDC_ResetSelector
                0x06013fe0                CDC_SetFiltRange
                0x0601406c                CDC_SetFiltSubh
                0x060140dc                CDC_GetFiltSubh
                0x06014014                CDC_GetFiltRange
                0x06014158                CDC_SetFiltMode
                0x060141d0                CDC_SetFiltCon
 *fill*         0x06014298        0x8 00
 .text          0x060142a0      0x270 ../Compiler/SGL_302j/lib_coff\libcd.a(CDC_BIF.O)
                0x060142fc                CDC_GetSctNum
                0x0601447c                CDC_ExeFadSearch
                0x060143fc                CDC_GetSctInfo
                0x06014340                CDC_CalActSiz
                0x060142a0                CDC_GetBufSiz
                0x0601437c                CDC_GetActSiz
                0x060144b4                CDC_GetFadSearch
 .text          0x06014510       0xa8 ../Compiler/SGL_302j/lib_coff\libcd.a(CDC_DEV.O)
                0x0601457c                CDC_CdGetLastBuf
                0x06014510                CDC_CdSetCon
                0x06014540                CDC_CdGetCon
 *fill*         0x060145b8        0x8 00
 .text          0x060145c0      0x128 ../Compiler/SGL_302j/lib_coff\libsgl.a(sglIc0.o)
                0x060145c0                slInitSystem
 *fill*         0x060146e8        0x8 00
 .text          0x060146f0      0x238 ../Compiler/SGL_302j/lib_coff/SEGA_SYS.A(sys_exit.o)
                0x06014710                SYS_Exit
                0x060146f0                sys_version
 *fill*         0x06014928        0x8 00
 .text          0x06014930        0x6 ../Compiler/SGL_302j/lib_coff/SEGA_SYS.A(sys_sub.o)
                0x06014930                SYSUB_SetStackptr
 *fill*         0x06014936        0xa 00
 .text          0x06014940       0xa0 c:/users/alumno/documents/jo_engine_src/compiler/sh_coff/sh-coff/bin/../lib/gcc/sh-coff/4.0-GNUSH_v0601\libgcc.a(__main.o)
                0x060149b4                __main
                0x06014940                __do_global_dtors
                0x06014974                __do_global_ctors
 .text          0x060149e0       0x90 c:/users/alumno/documents/jo_engine_src/compiler/sh_coff/sh-coff/bin/../lib/gcc/sh-coff/4.0-GNUSH_v0601\libgcc.a(_si_to_sf.o)
                0x060149e0                __floatsisf
 .text          0x06014a70      0x100 c:/users/alumno/documents/jo_engine_src/compiler/sh_coff/sh-coff/bin/../lib/gcc/sh-coff/4.0-GNUSH_v0601\libgcc.a(_sf_to_df.o)
                0x06014a70                __extendsfdf2
 .text          0x06014b70      0x3b0 c:/users/alumno/documents/jo_engine_src/compiler/sh_coff/sh-coff/bin/../lib/gcc/sh-coff/4.0-GNUSH_v0601\libgcc.a(_mul_df.o)
                0x06014b80                __muldf3
 .text          0x06014f20      0x100 c:/users/alumno/documents/jo_engine_src/compiler/sh_coff/sh-coff/bin/../lib/gcc/sh-coff/4.0-GNUSH_v0601\libgcc.a(_df_to_si.o)
                0x06014f20                __fixdfsi
 .text          0x06015020       0xa0 c:/users/alumno/documents/jo_engine_src/compiler/sh_coff/sh-coff/bin/../lib/gcc/sh-coff/4.0-GNUSH_v0601\libgcc.a(_sf_to_si.o)
                0x06015020                __fixsfsi
 .text          0x060150c0      0x170 c:/users/alumno/documents/jo_engine_src/compiler/sh_coff/sh-coff/bin/../lib/gcc/sh-coff/4.0-GNUSH_v0601\libgcc.a(_mul_sf.o)
                0x060150c0                __mulsf3
 .text          0x06015230       0xa0 c:/users/alumno/documents/jo_engine_src/compiler/sh_coff/sh-coff/bin/../lib/gcc/sh-coff/4.0-GNUSH_v0601\libgcc.a(_sdivsi3.o)
                0x06015230                __sdivsi3
 .text          0x060152d0       0x70 c:/users/alumno/documents/jo_engine_src/compiler/sh_coff/sh-coff/bin/../lib/gcc/sh-coff/4.0-GNUSH_v0601\libgcc.a(_le_sf.o)
                0x060152d0                __lesf2
 .text          0x06015340       0x70 c:/users/alumno/documents/jo_engine_src/compiler/sh_coff/sh-coff/bin/../lib/gcc/sh-coff/4.0-GNUSH_v0601\libgcc.a(_ge_sf.o)
                0x06015340                __gesf2
 .text          0x060153b0      0x120 c:/users/alumno/documents/jo_engine_src/compiler/sh_coff/sh-coff/bin/../lib/gcc/sh-coff/4.0-GNUSH_v0601\libgcc.a(_div_sf.o)
                0x060153b0                __divsf3
 .text          0x060154d0       0x70 c:/users/alumno/documents/jo_engine_src/compiler/sh_coff/sh-coff/bin/../lib/gcc/sh-coff/4.0-GNUSH_v0601\libgcc.a(_lt_sf.o)
                0x060154d0                __ltsf2
 .text          0x06015540      0x250 c:/users/alumno/documents/jo_engine_src/compiler/sh_coff/sh-coff/bin/../lib/gcc/sh-coff/4.0-GNUSH_v0601\libgcc.a(_addsub_sf.o)
                0x060156d4                __subsf3
                0x06015734                __addsf3
 .text          0x06015790      0x350 c:/users/alumno/documents/jo_engine_src/compiler/sh_coff/sh-coff/bin/../lib/gcc/sh-coff/4.0-GNUSH_v0601\libgcc.a(_addsub_df.o)
                0x06015a1c                __subdf3
                0x06015a80                __adddf3
 .text          0x06015ae0       0x70 c:/users/alumno/documents/jo_engine_src/compiler/sh_coff/sh-coff/bin/../lib/gcc/sh-coff/4.0-GNUSH_v0601\libgcc.a(_df_to_sf.o)
                0x06015ae0                __truncdfsf2
 .text          0x06015b50       0x70 c:/users/alumno/documents/jo_engine_src/compiler/sh_coff/sh-coff/bin/../lib/gcc/sh-coff/4.0-GNUSH_v0601\libgcc.a(_gt_sf.o)
                0x06015b50                __gtsf2
 .text          0x06015bc0       0x90 c:/users/alumno/documents/jo_engine_src/compiler/sh_coff/sh-coff/bin/../lib/gcc/sh-coff/4.0-GNUSH_v0601\libgcc.a(_ashiftlt.o)
                0x06015bc0                __ashlsi3
 .text          0x06015c50       0x60 c:/users/alumno/documents/jo_engine_src/compiler/sh_coff/sh-coff/bin/../lib/gcc/sh-coff/4.0-GNUSH_v0601\libgcc.a(_fixunssfsi.o)
                0x06015c50                __fixunssfsi
 .text          0x06015cb0       0x90 c:/users/alumno/documents/jo_engine_src/compiler/sh_coff/sh-coff/bin/../lib/gcc/sh-coff/4.0-GNUSH_v0601\libgcc.a(_ashiftrt_n.o)
                0x06015cb0                __ashrsi3
 .text          0x06015d40       0x60 c:/users/alumno/documents/jo_engine_src/compiler/sh_coff/sh-coff/bin/../lib/gcc/sh-coff/4.0-GNUSH_v0601\libgcc.a(_ashiftrt.o)
                0x06015d4c                __ashiftrt_r4_27
                0x06015d80                __ashiftrt_r4_6
                0x06015d70                __ashiftrt_r4_14
                0x06015d62                __ashiftrt_r4_19
                0x06015d7a                __ashiftrt_r4_9
                0x06015d8e                __ashiftrt_r4_0
                0x06015d40                __ashiftrt_r4_31
                0x06015d4e                __ashiftrt_r4_26
                0x06015d5c                __ashiftrt_r4_22
                0x06015d68                __ashiftrt_r4_16
                0x06015d74                __ashiftrt_r4_12
                0x06015d48                __ashiftrt_r4_29
                0x06015d66                __ashiftrt_r4_17
                0x06015d46                __ashiftrt_r4_30
                0x06015d82                __ashiftrt_r4_5
                0x06015d7c                __ashiftrt_r4_8
                0x06015d40                __ashiftrt_r4_32
                0x06015d50                __ashiftrt_r4_25
                0x06015d88                __ashiftrt_r4_2
                0x06015d52                __ashiftrt_r4_24
                0x06015d6e                __ashiftrt_r4_15
                0x06015d78                __ashiftrt_r4_10
                0x06015d8a                __ashiftrt_r4_1
                0x06015d4a                __ashiftrt_r4_28
                0x06015d60                __ashiftrt_r4_20
                0x06015d7e                __ashiftrt_r4_7
                0x06015d72                __ashiftrt_r4_13
                0x06015d76                __ashiftrt_r4_11
                0x06015d84                __ashiftrt_r4_4
                0x06015d5a                __ashiftrt_r4_23
                0x06015d64                __ashiftrt_r4_18
                0x06015d5e                __ashiftrt_r4_21
                0x06015d86                __ashiftrt_r4_3
 .text          0x06015da0       0x70 c:/users/alumno/documents/jo_engine_src/compiler/sh_coff/sh-coff/bin/../lib/gcc/sh-coff/4.0-GNUSH_v0601\libgcc.a(_udivsi3.o)
                0x06015dc2                __udivsi3
 .text          0x06015e10      0x1c0 c:/users/alumno/documents/jo_engine_src/compiler/sh_coff/sh-coff/bin/../lib/gcc/sh-coff/4.0-GNUSH_v0601\libgcc.a(_pack_sf.o)
                0x06015e10                __pack_f
 .text          0x06015fd0       0xc0 c:/users/alumno/documents/jo_engine_src/compiler/sh_coff/sh-coff/bin/../lib/gcc/sh-coff/4.0-GNUSH_v0601\libgcc.a(_unpack_sf.o)
                0x06015fd0                __unpack_f
 .text          0x06016090       0x30 c:/users/alumno/documents/jo_engine_src/compiler/sh_coff/sh-coff/bin/../lib/gcc/sh-coff/4.0-GNUSH_v0601\libgcc.a(_make_df.o)
                0x06016090                __make_dp
 .text          0x060160c0      0x180 c:/users/alumno/documents/jo_engine_src/compiler/sh_coff/sh-coff/bin/../lib/gcc/sh-coff/4.0-GNUSH_v0601\libgcc.a(_unpack_df.o)
                0x060160d0                __unpack_d
 .text          0x06016240       0xd0 c:/users/alumno/documents/jo_engine_src/compiler/sh_coff/sh-coff/bin/../lib/gcc/sh-coff/4.0-GNUSH_v0601\libgcc.a(_muldi3.o)
                0x06016240                __muldi3
 .text          0x06016310      0x5f0 c:/users/alumno/documents/jo_engine_src/compiler/sh_coff/sh-coff/bin/../lib/gcc/sh-coff/4.0-GNUSH_v0601\libgcc.a(_pack_df.o)
                0x06016320                __pack_d
 .text          0x06016900       0x20 c:/users/alumno/documents/jo_engine_src/compiler/sh_coff/sh-coff/bin/../lib/gcc/sh-coff/4.0-GNUSH_v0601\libgcc.a(_thenan_df.o)
                0x06016900                __thenan_df
 .text          0x06016920       0x90 c:/users/alumno/documents/jo_engine_src/compiler/sh_coff/sh-coff/bin/../lib/gcc/sh-coff/4.0-GNUSH_v0601\libgcc.a(_lshiftrt.o)
                0x06016920                __lshrsi3
 .text          0x060169b0       0x10 c:/users/alumno/documents/jo_engine_src/compiler/sh_coff/sh-coff/bin/../lib/gcc/sh-coff/4.0-GNUSH_v0601\libgcc.a(_thenan_sf.o)
                0x060169b0                __thenan_sf
 .text          0x060169c0       0xa0 c:/users/alumno/documents/jo_engine_src/compiler/sh_coff/sh-coff/bin/../lib/gcc/sh-coff/4.0-GNUSH_v0601\libgcc.a(_fpcmp_parts_sf.o)
                0x060169c0                __fpcmp_parts_f
 .text          0x06016a60       0x30 c:/users/alumno/documents/jo_engine_src/compiler/sh_coff/sh-coff/bin/../lib/gcc/sh-coff/4.0-GNUSH_v0601\libgcc.a(_make_sf.o)
                0x06016a60                __make_fp
 .text          0x06016a90       0x30 c:/users/alumno/documents/jo_engine_src/compiler/sh_coff/sh-coff/bin/../lib/gcc/sh-coff/4.0-GNUSH_v0601\libgcc.a(_mulsi3.o)
                0x06016a90                __mulsi3
 .text          0x06016ac0       0xf0 c:/users/alumno/documents/jo_engine_src/compiler/sh_coff/sh-coff/bin/../lib/gcc/sh-coff/4.0-GNUSH_v0601/../../../../sh-coff/lib\libc.a(sscanf.o)
                0x06016b3c                _sscanf_r
                0x06016acc                sscanf
 .text          0x06016bb0       0xb0 c:/users/alumno/documents/jo_engine_src/compiler/sh_coff/sh-coff/bin/../lib/gcc/sh-coff/4.0-GNUSH_v0601/../../../../sh-coff/lib\libc.a(sprintf.o)
                0x06016c00                sprintf
                0x06016bb0                _sprintf_r
 .text          0x06016c60       0xa0 c:/users/alumno/documents/jo_engine_src/compiler/sh_coff/sh-coff/bin/../lib/gcc/sh-coff/4.0-GNUSH_v0601/../../../../sh-coff/lib\libc.a(memcpy.o)
                0x06016c60                memcpy
 .text          0x06016d00       0x80 c:/users/alumno/documents/jo_engine_src/compiler/sh_coff/sh-coff/bin/../lib/gcc/sh-coff/4.0-GNUSH_v0601/../../../../sh-coff/lib\libc.a(memcmp.o)
                0x06016d00                memcmp
 .text          0x06016d80      0x100 c:/users/alumno/documents/jo_engine_src/compiler/sh_coff/sh-coff/bin/../lib/gcc/sh-coff/4.0-GNUSH_v0601/../../../../sh-coff/lib\libc.a(strncmp.o)
                0x06016d80                strncmp
 .text          0x06016e80       0xd0 c:/users/alumno/documents/jo_engine_src/compiler/sh_coff/sh-coff/bin/../lib/gcc/sh-coff/4.0-GNUSH_v0601/../../../../sh-coff/lib\libc.a(strncpy.o)
                0x06016e80                strncpy
 .text          0x06016f50       0x40 c:/users/alumno/documents/jo_engine_src/compiler/sh_coff/sh-coff/bin/../lib/gcc/sh-coff/4.0-GNUSH_v0601/../../../../sh-coff/lib\libc.a(memset.o)
                0x06016f50                memset
 .text          0x06016f90       0x90 c:/users/alumno/documents/jo_engine_src/compiler/sh_coff/sh-coff/bin/../lib/gcc/sh-coff/4.0-GNUSH_v0601/../../../../sh-coff/lib\libc.a(atexit.o)
                0x06016f90                atexit
 .text          0x06017020       0x20 c:/users/alumno/documents/jo_engine_src/compiler/sh_coff/sh-coff/bin/../lib/gcc/sh-coff/4.0-GNUSH_v0601/../../../../sh-coff/lib\libc.a(strlen.o)
                0x06017020                strlen
 .text          0x06017040       0x10 c:/users/alumno/documents/jo_engine_src/compiler/sh_coff/sh-coff/bin/../lib/gcc/sh-coff/4.0-GNUSH_v0601/../../../../sh-coff/lib\libc.a(impure.o)
                0x06017040                _global_impure_ptr
 .text          0x06017050     0x1170 c:/users/alumno/documents/jo_engine_src/compiler/sh_coff/sh-coff/bin/../lib/gcc/sh-coff/4.0-GNUSH_v0601/../../../../sh-coff/lib\libc.a(vfscanf.o)
                0x06018170                vfscanf
                0x0601814c                __svfscanf
                0x0601813c                _vfscanf_r
                0x06017050                __sccl
                0x06017110                __svfscanf_r
 .text          0x060181c0     0x1d20 c:/users/alumno/documents/jo_engine_src/compiler/sh_coff/sh-coff/bin/../lib/gcc/sh-coff/4.0-GNUSH_v0601/../../../../sh-coff/lib\libc.a(vfprintf.o)
                0x06018278                _vfprintf_r
                0x06019eb8                vfprintf
 .text          0x06019ee0       0x40 c:/users/alumno/documents/jo_engine_src/compiler/sh_coff/sh-coff/bin/../lib/gcc/sh-coff/4.0-GNUSH_v0601/../../../../sh-coff/lib\libc.a(malloc.o)
                0x06019efc                free
                0x06019ee0                malloc
 .text          0x06019f20      0x180 c:/users/alumno/documents/jo_engine_src/compiler/sh_coff/sh-coff/bin/../lib/gcc/sh-coff/4.0-GNUSH_v0601/../../../../sh-coff/lib\libc.a(ctype_.o)
                0x06019f9f                _ctype_
 .text          0x0601a0a0      0x1a0 c:/users/alumno/documents/jo_engine_src/compiler/sh_coff/sh-coff/bin/../lib/gcc/sh-coff/4.0-GNUSH_v0601/../../../../sh-coff/lib\libc.a(refill.o)
                0x0601a0c4                __srefill
 .text          0x0601a240      0x1f0 c:/users/alumno/documents/jo_engine_src/compiler/sh_coff/sh-coff/bin/../lib/gcc/sh-coff/4.0-GNUSH_v0601/../../../../sh-coff/lib\libc.a(strtol.o)
                0x0601a404                strtol
                0x0601a240                _strtol_r
 .text          0x0601a430      0x100 c:/users/alumno/documents/jo_engine_src/compiler/sh_coff/sh-coff/bin/../lib/gcc/sh-coff/4.0-GNUSH_v0601/../../../../sh-coff/lib\libc.a(locale.o)
                0x0601a4f8                setlocale
                0x0601a478                _setlocale_r
                0x0601a4d4                __locale_charset
                0x0601a518                localeconv
                0x0601a4e8                _localeconv_r
 .text          0x0601a530       0x90 c:/users/alumno/documents/jo_engine_src/compiler/sh_coff/sh-coff/bin/../lib/gcc/sh-coff/4.0-GNUSH_v0601/../../../../sh-coff/lib\libc.a(mbrtowc.o)
                0x0601a534                _mbrtowc_r
                0x0601a588                mbrtowc
 .text          0x0601a5c0       0x30 c:/users/alumno/documents/jo_engine_src/compiler/sh_coff/sh-coff/bin/../lib/gcc/sh-coff/4.0-GNUSH_v0601/../../../../sh-coff/lib\libc.a(iswspace.o)
                0x0601a5c0                iswspace
 .text          0x0601a5f0      0x230 c:/users/alumno/documents/jo_engine_src/compiler/sh_coff/sh-coff/bin/../lib/gcc/sh-coff/4.0-GNUSH_v0601/../../../../sh-coff/lib\libc.a(ungetc.o)
                0x0601a7f4                ungetc
                0x0601a6ac                _ungetc_r
                0x0601a5f0                __submore
 .text          0x0601a820      0x1b0 c:/users/alumno/documents/jo_engine_src/compiler/sh_coff/sh-coff/bin/../lib/gcc/sh-coff/4.0-GNUSH_v0601/../../../../sh-coff/lib\libc.a(strtoul.o)
                0x0601a820                _strtoul_r
                0x0601a9ac                strtoul
 .text          0x0601a9d0       0xe0 c:/users/alumno/documents/jo_engine_src/compiler/sh_coff/sh-coff/bin/../lib/gcc/sh-coff/4.0-GNUSH_v0601/../../../../sh-coff/lib\libc.a(fread.o)
                0x0601a9d0                fread
 .text          0x0601aab0      0xeb0 c:/users/alumno/documents/jo_engine_src/compiler/sh_coff/sh-coff/bin/../lib/gcc/sh-coff/4.0-GNUSH_v0601/../../../../sh-coff/lib\libc.a(strtod.o)
                0x0601b908                strtod
                0x0601aab0                _strtod_r
                0x0601b928                strtof
 .text          0x0601b960      0x230 c:/users/alumno/documents/jo_engine_src/compiler/sh_coff/sh-coff/bin/../lib/gcc/sh-coff/4.0-GNUSH_v0601/../../../../sh-coff/lib\libc.a(strtoll_r.o)
                0x0601b970                _strtoll_r
 .text          0x0601bb90      0x1e0 c:/users/alumno/documents/jo_engine_src/compiler/sh_coff/sh-coff/bin/../lib/gcc/sh-coff/4.0-GNUSH_v0601/../../../../sh-coff/lib\libc.a(strtoull_r.o)
                0x0601bb90                _strtoull_r
 .text          0x0601bd70      0x270 c:/users/alumno/documents/jo_engine_src/compiler/sh_coff/sh-coff/bin/../lib/gcc/sh-coff/4.0-GNUSH_v0601/../../../../sh-coff/lib\libc.a(findfp.o)
                0x0601be84                __sfp
                0x0601be0c                __sfp_lock_acquire
                0x0601bfb4                __fp_unlock_all
                0x0601be78                __sfp_lock_release
                0x0601be18                __sinit
                0x0601bf64                _cleanup
                0x0601bf94                __fp_lock_all
                0x0601bf4c                _cleanup_r
                0x0601bdb4                __sfmoreglue
 .text          0x0601bfe0      0x300 c:/users/alumno/documents/jo_engine_src/compiler/sh_coff/sh-coff/bin/../lib/gcc/sh-coff/4.0-GNUSH_v0601/../../../../sh-coff/lib\libc.a(fvwrite.o)
                0x0601bfe0                __sfvwrite
 .text          0x0601c2e0      0x360 c:/users/alumno/documents/jo_engine_src/compiler/sh_coff/sh-coff/bin/../lib/gcc/sh-coff/4.0-GNUSH_v0601/../../../../sh-coff/lib\libc.a(freer.o)
                0x0601c2e0                _malloc_trim_r
                0x0601c3c8                _free_r
 .text          0x0601c640       0xd0 c:/users/alumno/documents/jo_engine_src/compiler/sh_coff/sh-coff/bin/../lib/gcc/sh-coff/4.0-GNUSH_v0601/../../../../sh-coff/lib\libc.a(fflush.o)
                0x0601c640                fflush
 .text          0x0601c710       0xf0 c:/users/alumno/documents/jo_engine_src/compiler/sh_coff/sh-coff/bin/../lib/gcc/sh-coff/4.0-GNUSH_v0601/../../../../sh-coff/lib\libc.a(wsetup.o)
                0x0601c710                __swsetup
 .text          0x0601c800       0x70 c:/users/alumno/documents/jo_engine_src/compiler/sh_coff/sh-coff/bin/../lib/gcc/sh-coff/4.0-GNUSH_v0601/../../../../sh-coff/lib\libc.a(wcrtomb.o)
                0x0601c800                _wcrtomb_r
                0x0601c84c                wcrtomb
 .text          0x0601c870       0x40 c:/users/alumno/documents/jo_engine_src/compiler/sh_coff/sh-coff/bin/../lib/gcc/sh-coff/4.0-GNUSH_v0601/../../../../sh-coff/lib\libc.a(s_isinf.o)
                0x0601c870                isinf
 .text          0x0601c8b0       0xd0 c:/users/alumno/documents/jo_engine_src/compiler/sh_coff/sh-coff/bin/../lib/gcc/sh-coff/4.0-GNUSH_v0601/../../../../sh-coff/lib\libc.a(memchr.o)
                0x0601c8b0                memchr
 .text          0x0601c980      0x6a0 c:/users/alumno/documents/jo_engine_src/compiler/sh_coff/sh-coff/bin/../lib/gcc/sh-coff/4.0-GNUSH_v0601/../../../../sh-coff/lib\libc.a(mallocr.o)
                0x0601c980                _malloc_r
 .text          0x0601d020      0x130 c:/users/alumno/documents/jo_engine_src/compiler/sh_coff/sh-coff/bin/../lib/gcc/sh-coff/4.0-GNUSH_v0601/../../../../sh-coff/lib\libc.a(wcsrtombs.o)
                0x0601d020                _wcsrtombs_r
                0x0601d114                wcsrtombs
 .text          0x0601d150       0x40 c:/users/alumno/documents/jo_engine_src/compiler/sh_coff/sh-coff/bin/../lib/gcc/sh-coff/4.0-GNUSH_v0601/../../../../sh-coff/lib\libc.a(s_isnan.o)
                0x0601d150                isnan
 .text          0x0601d190     0x1310 c:/users/alumno/documents/jo_engine_src/compiler/sh_coff/sh-coff/bin/../lib/gcc/sh-coff/4.0-GNUSH_v0601/../../../../sh-coff/lib\libc.a(dtoa.o)
                0x0601d334                _dtoa_r
 .text          0x0601e4a0      0x200 c:/users/alumno/documents/jo_engine_src/compiler/sh_coff/sh-coff/bin/../lib/gcc/sh-coff/4.0-GNUSH_v0601/../../../../sh-coff/lib\libc.a(fwalk.o)
                0x0601e614                _fwalk_reent
                0x0601e590                _fwalk
 .text          0x0601e6a0      0x150 c:/users/alumno/documents/jo_engine_src/compiler/sh_coff/sh-coff/bin/../lib/gcc/sh-coff/4.0-GNUSH_v0601/../../../../sh-coff/lib\libc.a(makebuf.o)
                0x0601e6a0                __smakebuf
 .text          0x0601e7f0       0x30 c:/users/alumno/documents/jo_engine_src/compiler/sh_coff/sh-coff/bin/../lib/gcc/sh-coff/4.0-GNUSH_v0601/../../../../sh-coff/lib\libc.a(strcmp.o)
                0x0601e7f0                strcmp
 .text          0x0601e820       0x40 c:/users/alumno/documents/jo_engine_src/compiler/sh_coff/sh-coff/bin/../lib/gcc/sh-coff/4.0-GNUSH_v0601/../../../../sh-coff/lib\libc.a(mbtowc_r.o)
                0x0601e820                _mbtowc_r
 .text          0x0601e860      0x450 c:/users/alumno/documents/jo_engine_src/compiler/sh_coff/sh-coff/bin/../lib/gcc/sh-coff/4.0-GNUSH_v0601/../../../../sh-coff/lib\libc.a(reallocr.o)
                0x0601e860                _realloc_r
 .text          0x0601ecb0      0xdc0 c:/users/alumno/documents/jo_engine_src/compiler/sh_coff/sh-coff/bin/../lib/gcc/sh-coff/4.0-GNUSH_v0601/../../../../sh-coff/lib\libc.a(mprec.o)
                0x0601f4f0                __mcmp
                0x0601f974                _ratio
                0x0601f14c                _i2b
                0x0601f6ec                _b2d
                0x0601ef44                _s2b
                0x0601f01c                _hi0bits
                0x0601f320                _pow5mult
                0x0601f534                __mdiff
                0x0601f3f8                _lshift
                0x0601f170                _multiply
                0x0601f840                _d2b
                0x0601edc8                _Balloc
                0x0601ecb0                __mprec_tinytens
                0x0601fa08                _mprec_log10
                0x0601ecd8                __mprec_bigtens
                0x0601f654                _ulp
                0x0601ee58                _Bfree
                0x0601ed00                __mprec_tens
                0x0601f084                _lo0bits
                0x0601ee78                _multadd
 .text          0x0601fa70       0x10 c:/users/alumno/documents/jo_engine_src/compiler/sh_coff/sh-coff/bin/../lib/gcc/sh-coff/4.0-GNUSH_v0601/../../../../sh-coff/lib\libc.a(s_infconst.o)
                0x0601fa70                __infinity
 .text          0x0601fa80      0x170 c:/users/alumno/documents/jo_engine_src/compiler/sh_coff/sh-coff/bin/../lib/gcc/sh-coff/4.0-GNUSH_v0601/../../../../sh-coff/lib\libc.a(stdio.o)
                0x0601fad8                __swrite
                0x0601fbc8                __sclose
                0x0601fa80                __sread
                0x0601fb68                __sseek
 .text          0x0601fbf0      0x130 c:/users/alumno/documents/jo_engine_src/compiler/sh_coff/sh-coff/bin/../lib/gcc/sh-coff/4.0-GNUSH_v0601/../../../../sh-coff/lib\libc.a(fclose.o)
                0x0601fbf0                _fclose_r
                0x0601fcfc                fclose
 .text          0x0601fd20       0xe0 c:/users/alumno/documents/jo_engine_src/compiler/sh_coff/sh-coff/bin/../lib/gcc/sh-coff/4.0-GNUSH_v0601/../../../../sh-coff/lib\libc.a(memmove.o)
                0x0601fd20                memmove
 .text          0x0601fe00       0x20 c:/users/alumno/documents/jo_engine_src/compiler/sh_coff/sh-coff/bin/../lib/gcc/sh-coff/4.0-GNUSH_v0601/../../../../sh-coff/lib\libc.a(mlock.o)
                0x0601fe00                __malloc_lock
                0x0601fe0c                __malloc_unlock
 .text          0x0601fe20       0x50 c:/users/alumno/documents/jo_engine_src/compiler/sh_coff/sh-coff/bin/../lib/gcc/sh-coff/4.0-GNUSH_v0601/../../../../sh-coff/lib\libc.a(sbrkr.o)
                0x0601fe20                _sbrk_r
 .text          0x0601fe70      0x2c0 c:/users/alumno/documents/jo_engine_src/compiler/sh_coff/sh-coff/bin/../lib/gcc/sh-coff/4.0-GNUSH_v0601/../../../../sh-coff/lib\libc.a(wctomb_r.o)
                0x0601fe90                _wctomb_r
 .text          0x06020130       0x50 c:/users/alumno/documents/jo_engine_src/compiler/sh_coff/sh-coff/bin/../lib/gcc/sh-coff/4.0-GNUSH_v0601/../../../../sh-coff/lib\libc.a(fstatr.o)
                0x06020130                _fstat_r
 .text          0x06020180      0x390 c:/users/alumno/documents/jo_engine_src/compiler/sh_coff/sh-coff/bin/../lib/gcc/sh-coff/4.0-GNUSH_v0601/../../../../sh-coff/lib\libc.a(syscalls.o)
                0x060202f0                _exit
                0x06020324                _getpid
                0x0602038c                _utime
                0x060201b8                _write
                0x06020180                _read
                0x060202d8                _unlink
                0x060202a0                _open
                0x0602033c                _stat
                0x060202e4                isatty
                0x060203bc                _wait
                0x06020308                _kill
                0x06020358                _chmod
                0x060203ec                _execv
                0x060203d0                _execve
                0x060204cc                __setup_argv_and_call_main
                0x06020424                _gettimeofday
                0x060201ec                _link
                0x06020330                _raise
                0x060202bc                _creat
                0x06020404                _pipe
                0x06020370                _chown
                0x0602019c                _lseek
                0x060201d4                _close
                0x06020418                _times
                0x0602028c                _fstat
                0x060203a8                _fork
                0x06020214                _sbrk
 .text          0x06020510       0xa0 c:/users/alumno/documents/jo_engine_src/compiler/sh_coff/sh-coff/bin/../lib/gcc/sh-coff/4.0-GNUSH_v0601/../../../../sh-coff/lib\libc.a(callocr.o)
                0x06020510                _calloc_r
 .text          0x060205b0       0x50 c:/users/alumno/documents/jo_engine_src/compiler/sh_coff/sh-coff/bin/../lib/gcc/sh-coff/4.0-GNUSH_v0601/../../../../sh-coff/lib\libc.a(readr.o)
                0x060205b0                _read_r
 .text          0x06020600       0x50 c:/users/alumno/documents/jo_engine_src/compiler/sh_coff/sh-coff/bin/../lib/gcc/sh-coff/4.0-GNUSH_v0601/../../../../sh-coff/lib\libc.a(writer.o)
                0x06020600                _write_r
 .text          0x06020650       0x50 c:/users/alumno/documents/jo_engine_src/compiler/sh_coff/sh-coff/bin/../lib/gcc/sh-coff/4.0-GNUSH_v0601/../../../../sh-coff/lib\libc.a(lseekr.o)
                0x06020650                _lseek_r
 .text          0x060206a0       0x50 c:/users/alumno/documents/jo_engine_src/compiler/sh_coff/sh-coff/bin/../lib/gcc/sh-coff/4.0-GNUSH_v0601/../../../../sh-coff/lib\libc.a(closer.o)
                0x060206a0                _close_r
 .text          0x060206f0       0x20 c:/users/alumno/documents/jo_engine_src/compiler/sh_coff/sh-coff/bin/../lib/gcc/sh-coff/4.0-GNUSH_v0601/../../../../sh-coff/lib\libc.a(trap.o)
                0x060206f0                __trap34
 .text          0x06020710       0x20 c:/users/alumno/documents/jo_engine_src/compiler/sh_coff/sh-coff/bin/../lib/gcc/sh-coff/4.0-GNUSH_v0601/../../../../sh-coff/lib\libc.a(abort.o)
                0x06020710                abort
 .text          0x06020730      0x260 c:/users/alumno/documents/jo_engine_src/compiler/sh_coff/sh-coff/bin/../lib/gcc/sh-coff/4.0-GNUSH_v0601/../../../../sh-coff/lib\libc.a(signal.o)
                0x060207ec                _raise_r
                0x06020970                __sigtramp
                0x0602091c                raise
                0x06020958                _init_signal
                0x060208a8                __sigtramp_r
                0x06020938                signal
                0x0602077c                _signal_r
                0x06020730                _init_signal_r
 .text          0x06020990       0x60 c:/users/alumno/documents/jo_engine_src/compiler/sh_coff/sh-coff/bin/../lib/gcc/sh-coff/4.0-GNUSH_v0601/../../../../sh-coff/lib\libc.a(signalr.o)
                0x060209d8                _getpid_r
                0x06020990                _kill_r
 .text          0x060209f0       0x70 c:/users/alumno/documents/jo_engine_src/compiler/sh_coff/sh-coff/bin/../lib/gcc/sh-coff/4.0-GNUSH_v0601\libgcc.a(_eq_df.o)
                0x060209f0                __eqdf2
 .text          0x06020a60       0x70 c:/users/alumno/documents/jo_engine_src/compiler/sh_coff/sh-coff/bin/../lib/gcc/sh-coff/4.0-GNUSH_v0601\libgcc.a(_ne_df.o)
                0x06020a60                __nedf2
 .text          0x06020ad0       0x70 c:/users/alumno/documents/jo_engine_src/compiler/sh_coff/sh-coff/bin/../lib/gcc/sh-coff/4.0-GNUSH_v0601\libgcc.a(_lt_df.o)
                0x06020ad0                __ltdf2
 .text          0x06020b40      0x610 c:/users/alumno/documents/jo_engine_src/compiler/sh_coff/sh-coff/bin/../lib/gcc/sh-coff/4.0-GNUSH_v0601\libgcc.a(_udivdi3.o)
                0x06020b40                __udivdi3
 .text          0x06021150      0x600 c:/users/alumno/documents/jo_engine_src/compiler/sh_coff/sh-coff/bin/../lib/gcc/sh-coff/4.0-GNUSH_v0601\libgcc.a(_umoddi3.o)
                0x06021150                __umoddi3
 .text          0x06021750       0xb0 c:/users/alumno/documents/jo_engine_src/compiler/sh_coff/sh-coff/bin/../lib/gcc/sh-coff/4.0-GNUSH_v0601\libgcc.a(_si_to_df.o)
                0x06021750                __floatsidf
 .text          0x06021800       0x70 c:/users/alumno/documents/jo_engine_src/compiler/sh_coff/sh-coff/bin/../lib/gcc/sh-coff/4.0-GNUSH_v0601\libgcc.a(_le_df.o)
                0x06021800                __ledf2
 .text          0x06021870       0x70 c:/users/alumno/documents/jo_engine_src/compiler/sh_coff/sh-coff/bin/../lib/gcc/sh-coff/4.0-GNUSH_v0601\libgcc.a(_ge_df.o)
                0x06021870                __gedf2
 .text          0x060218e0       0x70 c:/users/alumno/documents/jo_engine_src/compiler/sh_coff/sh-coff/bin/../lib/gcc/sh-coff/4.0-GNUSH_v0601\libgcc.a(_gt_df.o)
                0x060218e0                __gtdf2
 .text          0x06021950      0x1b0 c:/users/alumno/documents/jo_engine_src/compiler/sh_coff/sh-coff/bin/../lib/gcc/sh-coff/4.0-GNUSH_v0601\libgcc.a(_div_df.o)
                0x06021958                __divdf3
 .text          0x06021b00       0xb0 c:/users/alumno/documents/jo_engine_src/compiler/sh_coff/sh-coff/bin/../lib/gcc/sh-coff/4.0-GNUSH_v0601\libgcc.a(_fpcmp_parts_df.o)
                0x06021b00                __fpcmp_parts_d
 .text          0x06021bb0      0x100 c:/users/alumno/documents/jo_engine_src/compiler/sh_coff/sh-coff/bin/../lib/gcc/sh-coff/4.0-GNUSH_v0601\libgcc.a(_clz.o)
                0x06021bb0                __clz_tab
 *(.strings)
                0x06021cb0                __etext = .

.rodata
 *(.rodata)

SLPROG          0x06021cc0    0x119f0
                0x06021cc0                __slprog_start = .
 *(SLPROG)
 SLPROG         0x06021cc0     0x6540 ../Compiler/SGL_302j/lib_coff/sglarea.o
                0x06021cdc                SpriteBuf
                0x06021d00                RemainEvent
                0x06021ccc                SortList
                0x06021cca                MaxPolygons
                0x06021ce8                CommandBuf
                0x06021cfc                MaxWorks
                0x06021cfe                WorkSize
                0x06021cf4                PCM_WkSize
                0x06021cec                CLOfstBuf
                0x06021e00                RemainWork
                0x06021cf0                PCM_Work
                0x06021cc0                MasterStack
                0x06021cc4                SlaveStack
                0x06021cc8                MaxVertices
                0x06021cf8                MaxEvents
                0x06021cd8                Zbuffer
                0x06021ce0                SpriteBufSize
                0x06024200                WorkBuf
                0x06021cd4                TransList
                0x06021ce4                Pbuffer
                0x06021cd0                SortListSize
                0x06021cfa                EventSize
                0x06022200                EventBuf
 SLPROG         0x06028200      0xfc8 ../Compiler/SGL_302j/lib_coff\libsgl.a(sglH00.o)
                0x0602829c                slSetPortData1
                0x0602828c                slGetPortData1
                0x06028a7a                slSetPortMode1
                0x06028cb4                Smpc_Status
                0x06028252                slSetPortDir2
                0x06028898                slSmpcCashSend
                0x060282b8                slGetPortSelect1
                0x0602869e                slIntBackCancel
                0x06028350                slSetPortExt1
                0x06028a60                slGetPortMode1
                0x06028954                slSmpcCashBlow
                0x06028c44                slRequestCommand
                0x06028ce4                SmpcStatusBuf
                0x060282a6                slSetPortData2
                0x06028606                slSetResultBuffer
                0x0602833c                slGetPortExt1
                0x06028380                slSetPortExt2
                0x06028220                slGetPortDir2
                0x06028346                slGetPortExt2
                0x060286d2                slClearReset
                0x060286c8                slCheckReset
                0x06028228                slSetPortDir1
                0x06028300                slSetPortSelect2
                0x060282cc                slSetPortSelect1
                0x06028a6c                slGetPortMode2
                0x060282c2                slGetPortSelect2
                0x06028218                slGetPortDir1
                0x06028294                slGetPortData2
                0x06028a3a                slSetOptimize
                0x06028a30                slGetOptimize
                0x060284f4                slSmpcDirectAccess
                0x06028cc2                Per_Connect1
                0x06028574                slInitPeripheral
                0x06028692                slCheckIntBackSet
                0x06028cc3                Per_Connect2
                0x06028cbc                Smpc_Peripheral
                0x06028ab8                slSetPortMode2
                0x06028cb8                Smpc_Result
 *fill*         0x060291c8        0x8 00
 SLPROG         0x060291d0       0x4e ../Compiler/SGL_302j/lib_coff\libsgl.a(sglF00.o)
                0x060291ea                slLocate
                0x060291e0                slCurColor
                0x0602921c                CurrentScreen
                0x060291d0                slCurScrn
 *fill*         0x0602921e        0x2 00
 SLPROG         0x06029220       0x1c ../Compiler/SGL_302j/lib_coff\libsgl.a(sglF05.o)
                0x06029220                slPrint
 *fill*         0x0602923c        0x4 00
 SLPROG         0x06029240       0xfa ../Compiler/SGL_302j/lib_coff\libsgl.a(sglC06.o)
                0x06029240                slDispSprite
 *fill*         0x0602933a        0x6 00
 SLPROG         0x06029340      0x3a4 ../Compiler/SGL_302j/lib_coff\libsgl.a(sglI01.o)
                0x0602952a                RetPCMBuf
                0x06029664                Sound_Buf
                0x06029340                slInitSynch
                0x06029450                slRandom
                0x060295c4                PCM_Buf
                0x0602935a                slSynch
                0x0602946e                PCM_EndCheck
 *fill*         0x060296e4        0xc 00
 SLPROG         0x060296f0       0x18 ../Compiler/SGL_302j/lib_coff\libsgl.a(sglG01.o)
                0x060296f0                slSndVolume
 *fill*         0x06029708        0x8 00
 SLPROG         0x06029710      0x1d0 ../Compiler/SGL_302j/lib_coff\libsgl.a(sglG00.o)
                0x06029710                slInitSound
                0x0602982c                slSndFlush
                0x06029814                slWaitSound
 SLPROG         0x060298e0       0x4c ../Compiler/SGL_302j/lib_coff\libsgl.a(sglG19.o)
                0x060298e0                slCDDAOn
 *fill*         0x0602992c        0x4 00
 SLPROG         0x06029930       0x18 ../Compiler/SGL_302j/lib_coff\libsgl.a(sglG25.o)
                0x06029930                slPCMStat
 *fill*         0x06029948        0x8 00
 SLPROG         0x06029950      0x1e0 ../Compiler/SGL_302j/lib_coff\libsgl.a(sglG21.o)
                0x06029958                slPCMOn
                0x06029a76                slSndPCMNum
 SLPROG         0x06029b30       0x48 ../Compiler/SGL_302j/lib_coff\libsgl.a(sglG22.o)
                0x06029b30                slPCMOff
 *fill*         0x06029b78        0x8 00
 SLPROG         0x06029b80       0x20 ../Compiler/SGL_302j/lib_coff\libsgl.a(sglB001.o)
                0x06029b80                slTVOn
                0x06029b8a                slTVOff
 SLPROG         0x06029ba0        0xc ../Compiler/SGL_302j/lib_coff\libsgl.a(sglB016.o)
                0x06029ba0                slBack1ColSet
 *fill*         0x06029bac        0x4 00
 SLPROG         0x06029bb0        0xc ../Compiler/SGL_302j/lib_coff\libsgl.a(sglB063.o)
                0x06029bb0                slPriority
 *fill*         0x06029bbc        0x4 00
 SLPROG         0x06029bc0      0x114 ../Compiler/SGL_302j/lib_coff\libsgl.a(sglB200.o)
                0x06029bcc                slCharNbg0
                0x06029c12                slPageRbg0
                0x06029c28                slPageNbg1
                0x06029bd8                slCharNbg1
                0x06029c44                slPageNbg0
                0x06029c30                slPageNbg2
                0x06029c38                slPageNbg3
                0x06029be4                slCharNbg2
                0x06029bfa                slCharNbg3
                0x06029bc0                slCharRbg0
 *fill*         0x06029cd4        0xc 00
 SLPROG         0x06029ce0        0xc ../Compiler/SGL_302j/lib_coff\libsgl.a(sglB056.o)
                0x06029ce0                slPlaneNbg1
 *fill*         0x06029cec        0x4 00
 SLPROG         0x06029cf0       0xb4 ../Compiler/SGL_302j/lib_coff\libsgl.a(sglB032.o)
                0x06029cf0                slMapNbg1
 *fill*         0x06029da4        0xc 00
 SLPROG         0x06029db0       0x24 ../Compiler/SGL_302j/lib_coff\libsgl.a(sglB011.o)
                0x06029db0                slBitMapNbg1
 *fill*         0x06029dd4        0xc 00
 SLPROG         0x06029de0        0xc ../Compiler/SGL_302j/lib_coff\libsgl.a(sglB053.o)
                0x06029de0                slZoomNbg1
 *fill*         0x06029dec        0x4 00
 SLPROG         0x06029df0      0x40c ../Compiler/SGL_302j/lib_coff\libsgl.a(sglB015.o)
                0x06029df0                slScrAutoDisp
 *fill*         0x0602a1fc        0x4 00
 SLPROG         0x0602a200      0x42c ../Compiler/SGL_302j/lib_coff\libsgl.a(sglA20.o)
                0x0602a200                slInitMatrix
                0x0602a21e                slUnitMatrix
                0x0602a20a                slPushUnitMatrix
 *fill*         0x0602a62c        0x4 00
 SLPROG         0x0602a630       0x34 ../Compiler/SGL_302j/lib_coff\libsgl.a(sglF08.o)
                0x0602a630                slDec2Hex
 *fill*         0x0602a664        0xc 00
 SLPROG         0x0602a670       0xa8 ../Compiler/SGL_302j/lib_coff\libsgl.a(sglH01.o)
                0x0602a6d0                slSetSoundOutput
                0x0602a6a8                slSetSoundEffect
                0x0602a69c                slGetSoundEffect
                0x0602a6c4                slGetSoundOutput
                0x0602a6ec                slGetHelpWindow
                0x0602a670                slGetLanguage
                0x0602a67a                slSetLanguage
                0x0602a6f8                slSetHelpWindow
 *fill*         0x0602a718        0x8 00
 SLPROG         0x0602a720       0x84 ../Compiler/SGL_302j/lib_coff\libsgl.a(sglD00.o)
                0x0602a720                slDMACopy
                0x0602a720                slCpuDMACopy
                0x0602a77a                slCashPurge
                0x0602a77a                CSH_AllClr
 *fill*         0x0602a7a4        0xc 00
 SLPROG         0x0602a7b0       0x48 ../Compiler/SGL_302j/lib_coff\libsgl.a(sglA21.o)
                0x0602a7e4                slPopMatrix
                0x0602a7b0                slPushMatrix
                0x0602a7e4                slDecMatrixPtr
 *fill*         0x0602a7f8        0x8 00
 SLPROG         0x0602a800       0x50 ../Compiler/SGL_302j/lib_coff\libsgl.a(sglA27.o)
                0x0602a800                slTranslate
 SLPROG         0x0602a850     0x1218 ../Compiler/SGL_302j/lib_coff\libsgl.a(sglC08.o)
                0x0602a850                slPutPolygon
                0x0602b4cc                MsCalcDepthFlat
 *fill*         0x0602ba68        0x8 00
 SLPROG         0x0602ba70       0x84 ../Compiler/SGL_302j/lib_coff\libsgl.a(sglD16.o)
                0x0602bab8                DMA_SCU_PRM0
                0x0602ba70                DMA_ScuSetPrm
 *fill*         0x0602baf4        0xc 00
 SLPROG         0x0602bb00       0x88 ../Compiler/SGL_302j/lib_coff\libsgl.a(sglD17.o)
                0x0602bb00                DMA_ScuStart
 *fill*         0x0602bb88        0x8 00
 SLPROG         0x0602bb90       0x20 ../Compiler/SGL_302j/lib_coff\libsgl.a(sglD15.o)
                0x0602bb90                CSH_Purge
 SLPROG         0x0602bbb0       0x34 ../Compiler/SGL_302j/lib_coff\libsgl.a(sglD18.o)
                0x0602bbb0                DMA_ScuGetStatus
 *fill*         0x0602bbe4        0xc 00
 SLPROG         0x0602bbf0       0xa0 ../Compiler/SGL_302j/lib_coff\libsgl.a(sglD01.o)
                0x0602bbf0                slDMAXCopy
 SLPROG         0x0602bc90        0xc ../Compiler/SGL_302j/lib_coff\libsgl.a(sglD03.o)
                0x0602bc90                slDMAStatus
 *fill*         0x0602bc9c        0x4 00
 SLPROG         0x0602bca0      0x470 ../Compiler/SGL_302j/lib_coff\libsgl.a(sglH02.o)
                0x0602c090                smpc_pfr_tbl
                0x0602c0d0                smpc_ptf_tbl
 SLPROG         0x0602c110       0x60 ../Compiler/SGL_302j/lib_coff\libsgl.a(sglH04.o)
                0x0602c13a                slComPrmSetTime
                0x0602c110                slComPrmIntBack
                0x0602c124                slComPrmSetMemory
 SLPROG         0x0602c170       0x40 ../Compiler/SGL_302j/lib_coff\libsgl.a(sglC20.o)
                0x0602c170                SpriteEntry
 SLPROG         0x0602c1b0     0x411e ../Compiler/SGL_302j/lib_coff\libsgl.a(sglA01.o)
                0x0602c28c                sin_cos_index_tbl
                0x0602c1b0                slSin
                0x0602c2cc                sin_tbl
                0x0602c1f8                GetSinCos
                0x0602c1d4                slCos
 *fill*         0x060302ce        0x2 00
 SLPROG         0x060302d0       0x10 ../Compiler/SGL_302j/lib_coff\libsgl.a(sglD02.o)
                0x060302d0                slDMAWait
 SLPROG         0x060302e0       0x20 ../Compiler/SGL_302j/lib_coff\libsgl.a(sglA00.o)
                0x060302f4                get_imask
                0x060302e0                set_imask
                0x060302e0                _builtin_set_imask
                0x060302f4                _builtin_get_imask
 SLPROG         0x06030300       0x74 ../Compiler/SGL_302j/lib_coff\libsgl.a(sglJ00.o)
                0x06030300                InitSlaveSH
                0x06030368                SlaveCommand
 *fill*         0x06030374        0xc 00
 SLPROG         0x06030380      0xbd0 ../Compiler/SGL_302j/lib_coff\libsgl.a(sglB000.o)
                0x06030380                slInitScroll
                0x060305e0                TVSizeTbl
                0x060304d0                setASC_4to8
                0x06030660                TVModeTbl
                0x060304a0                setASC_1to8
                0x06030838                SGL_ASCII_CG
 SLPROG         0x06030f50      0x3d0 ../Compiler/SGL_302j/lib_coff\libsgl.a(sglJ01.o)
                0x06030f50                SlaveControl
                0x0603130c                ErasePolygonData
 SLPROG         0x06031320      0x75c ../Compiler/SGL_302j/lib_coff\libsgl.a(sglI00.o)
                0x06031610                slInitInterrupt
 *fill*         0x06031a7c        0x4 00
 SLPROG         0x06031a80      0x134 ../Compiler/SGL_302j/lib_coff\libsgl.a(sglC00.o)
                0x06031a80                slInitSprite
 *fill*         0x06031bb4        0xc 00
 SLPROG         0x06031bc0       0xd4 ../Compiler/SGL_302j/lib_coff\libsgl.a(sglB035.o)
                0x06031bc0                sl1MapRA
                0x06031c52                rbank_set
 *fill*         0x06031c94        0xc 00
 SLPROG         0x06031ca0     0x12b8 ../Compiler/SGL_302j/lib_coff\libsgl.a(sglJ02.o)
                0x06032ed4                stvtc_1
                0x06032c0c                stvtc_4
                0x06032bcc                SetPolygon
                0x06032cc4                stvtc_3
                0x06032efc                stvtc_0
                0x06032bd4                SetPosition
                0x06031e88                sbCalcPolygon
                0x06032bc0                SetTexture
                0x06031ca0                sbMakePolygon
                0x06032ee8                stvtc_2
 *fill*         0x06032f58        0x8 00
 SLPROG         0x06032f60       0x6a ../Compiler/SGL_302j/lib_coff\libsgl.a(sglM01.o)
                0x06032f8c                slSetDepthTbl
                0x06032fbc                DepthWorkArea
                0x06032f60                slSetDepthLimit
 *fill*         0x06032fca        0x6 00
 SLPROG         0x06032fd0      0x140 ../Compiler/SGL_302j/lib_coff\libsgl.a(sglJ03.o)
                0x06032fd0                sbMakeDMATable
 SLPROG         0x06033110      0x470 ../Compiler/SGL_302j/lib_coff\libsgl.a(sglJ04.o)
                0x060331d4                sbMakeRotSprite
                0x0603316e                sbMakeSprite
 SLPROG         0x06033580       0x3c ../Compiler/SGL_302j/lib_coff\libsgl.a(sglJ05.o)
                0x06033580                sbSortEntry
 *fill*         0x060335bc        0x4 00
 SLPROG         0x060335c0       0xf0 ../Compiler/SGL_302j/lib_coff\libsgl.a(sglH03.o)
                0x06033624                slSmpcIntBack
                0x060336b0                __slprog_end = .

.tors           0x060336b0        0x0
                0x060336b0                ___ctors = .
 *(.ctors)
                0x060336b0                ___ctors_end = .
                0x060336b0                ___dtors = .
 *(.dtors)
                0x060336b0                ___dtors_end = .

.data           0x060336b0     0x7c60
 *(.data)
 .data          0x060336b0       0x40 main.o
                0x060336c0                temperatura
                0x060336b0                saltarin
                0x060336c4                vector
                0x060336dc                ultimo
                0x060336e4                bolas
                0x060336e0                cargar
                0x060336d4                vivo
                0x060336d8                vidas
 .data          0x060336f0       0x30 ../jo_engine/3d.o
 .data          0x06033720      0xb40 ../jo_engine/math.o
                0x06033cc0                JoSinLookupTable
                0x06033720                JoCosLookupTable
 .data          0x06034260     0x6830 ../jo_engine/audio.o
                0x06034260                sddrvstsk
 .data          0x0603aa90       0x30 ../jo_engine/sprites.o
                0x0603aab2                __jo_sprite_attr
                0x0603aaa4                __jo_current_sprite_attr
                0x0603aa94                __jo_sprite_pos
                0x0603aa90                __jo_gouraud_shading_runtime_index
                0x0603aaa8                __jo_sprite_attr_8bits
 .data          0x0603aac0       0x10 ../jo_engine/sprite_animator.o
 .data          0x0603aad0       0x80 ../Compiler/SGL_302j/lib_coff\libsgl.a(sglIc0.o)
                0x0603aad0                IntPrioMask
 .data          0x0603ab50      0x380 c:/users/alumno/documents/jo_engine_src/compiler/sh_coff/sh-coff/bin/../lib/gcc/sh-coff/4.0-GNUSH_v0601/../../../../sh-coff/lib\libc.a(impure.o)
                0x0603aecc                _impure_ptr
 .data          0x0603aed0       0x10 c:/users/alumno/documents/jo_engine_src/compiler/sh_coff/sh-coff/bin/../lib/gcc/sh-coff/4.0-GNUSH_v0601/../../../../sh-coff/lib\libc.a(ctype_.o)
                0x0603aed0                __ctype_ptr
 .data          0x0603aee0       0x20 c:/users/alumno/documents/jo_engine_src/compiler/sh_coff/sh-coff/bin/../lib/gcc/sh-coff/4.0-GNUSH_v0601/../../../../sh-coff/lib\libc.a(locale.o)
                0x0603aeec                __mb_cur_max
                0x0603aee0                __lc_ctype
 .data          0x0603af00      0x410 c:/users/alumno/documents/jo_engine_src/compiler/sh_coff/sh-coff/bin/../lib/gcc/sh-coff/4.0-GNUSH_v0601/../../../../sh-coff/lib\libc.a(mallocr.o)
                0x0603af08                __malloc_av_
                0x0603af04                __malloc_trim_threshold
                0x0603af00                __malloc_sbrk_base
                0x0603b310                __edata = .

.bss            0x0603b310    0x84cc4
                0x0603b310                __bstart = .
 *(.bss)
 .bss           0x0603b310      0x120 main.o
                0x0603b374                level
                0x0603b324                ultima_temp
                0x0603b320                alien
                0x0603b380                ship_paso_y
                0x0603b378                primero
                0x0603b360                muertos
                0x0603b34c                contato
                0x0603b328                revisado
                0x0603b368                cont
                0x0603b33c                vectores
                0x0603b354                scroll
                0x0603b388                nidoran
                0x0603b37c                primigenio
                0x0603b36c                bolicontador
                0x0603b384                ship_paso_x
                0x0603b330                migos
                0x0603b31c                nivel
                0x0603b334                niggafucka
                0x0603b32c                backup
                0x0603b314                infierno
                0x0603b364                conty
                0x0603b38c                pausa
                0x0603b310                goomba
                0x0603b350                cargado
                0x0603b318                pasos
                0x0603b338                top
                0x0603b370                bolita_act
                0x0603b358                locka
                0x0603b35c                arrancado
 .bss           0x0603b430       0x80 ../jo_engine/backup.o
 .bss           0x0603b4b0       0x80 ../jo_engine/malloc.o
 .bss           0x0603b530     0x2590 ../jo_engine/fs.o
 .bss           0x0603dac0    0x80010 ../jo_engine/core.o
 .bss           0x060bdad0       0x10 ../jo_engine/tools.o
 .bss           0x060bdae0       0x10 ../jo_engine/sprites.o
 .bss           0x060bdaf0       0x50 ../jo_engine/map.o
 .bss           0x060bdb40       0x10 ../jo_engine/sprite_animator.o
 .bss           0x060bdb50       0x10 ../jo_engine/mode7.o
 .bss           0x060bdb60        0xc ../Compiler/SGL_302j/lib_coff\libcd.a(CDC_SUB.O)
 *fill*         0x060bdb6c        0x4 00
 .bss           0x060bdb70        0x2 ../Compiler/SGL_302j/lib_coff\libcd.a(CDC_REG.O)
 *fill*         0x060bdb72        0xe 00
 .bss           0x060bdb80        0xc ../Compiler/SGL_302j/lib_coff\libcd.a(GFS_TRN.O)
 *fill*         0x060bdb8c        0x4 00
 .bss           0x060bdb90        0x4 ../Compiler/SGL_302j/lib_coff/SEGA_SYS.A(sys_exit.o)
 *fill*         0x060bdb94        0xc 00
 .bss           0x060bdba0       0x10 c:/users/alumno/documents/jo_engine_src/compiler/sh_coff/sh-coff/bin/../lib/gcc/sh-coff/4.0-GNUSH_v0601\libgcc.a(__main.o)
 .bss           0x060bdbb0       0x10 c:/users/alumno/documents/jo_engine_src/compiler/sh_coff/sh-coff/bin/../lib/gcc/sh-coff/4.0-GNUSH_v0601/../../../../sh-coff/lib\libc.a(atexit.o)
 .bss           0x060bdbc0       0x10 c:/users/alumno/documents/jo_engine_src/compiler/sh_coff/sh-coff/bin/../lib/gcc/sh-coff/4.0-GNUSH_v0601/../../../../sh-coff/lib\libc.a(locale.o)
                0x060bdbc4                __mlocale_changed
                0x060bdbc0                _PathLocale
                0x060bdbc8                __nlocale_changed
 .bss           0x060bdbd0       0x40 c:/users/alumno/documents/jo_engine_src/compiler/sh_coff/sh-coff/bin/../lib/gcc/sh-coff/4.0-GNUSH_v0601/../../../../sh-coff/lib\libc.a(mallocr.o)
                0x060bdc00                __malloc_top_pad
                0x060bdbd0                __malloc_current_mallinfo
                0x060bdbfc                __malloc_max_sbrked_mem
                0x060bdbf8                __malloc_max_total_mem
 .bss           0x060bdc10       0x10 c:/users/alumno/documents/jo_engine_src/compiler/sh_coff/sh-coff/bin/../lib/gcc/sh-coff/4.0-GNUSH_v0601/../../../../sh-coff/lib\libc.a(syscalls.o)
 *(COMMON)
 COMMON         0x060bdc20      0xa28 main.o
                0x060bdc20                niveles
                0x060bdca0                heat
                0x060bdcb0                bolitas
                0x060be0b0                suelo
                0x060be1f0                vida_img
                0x060be220                techo
                0x060be358                score
                0x060be360                medio
                0x060be36c                dev
                0x060be370                enemigos
                0x060be640                fichero
                0x060be644                lectura
 *fill*         0x060be648        0x8 00
 COMMON         0x060be650      0x3fc ../jo_engine/3d.o
                0x060be650                __jo_sprite_quad
 *fill*         0x060bea4c        0x4 00
 COMMON         0x060bea50        0x4 ../jo_engine/fs.o
                0x060bea50                __jo_fs_background_job_count
 *fill*         0x060bea54        0xc 00
 COMMON         0x060bea60       0x40 ../jo_engine/core.o
                0x060bea60                __jo_last_error
 COMMON         0x060beaa0       0x40 ../jo_engine/tools.o
                0x060beaa0                __jo_sprintf_buf
 COMMON         0x060beae0     0x13f8 ../jo_engine/sprites.o
                0x060beae0                __jo_sprite_def
                0x060bf2e0                __jo_hash_table
                0x060bf6e0                __jo_sprite_pic
 *fill*         0x060bfed8        0x8 00
 COMMON         0x060bfee0       0xc0 ../jo_engine/sprite_animator.o
                0x060bfee0                __jo_sprite_anim_tab
 COMMON         0x060bffa0        0xc ../Compiler/SGL_302j/lib_coff\libcd.a(GFS.O)
                0x060bffa0                GFMC_base
                0x060bffa4                gfs_mng_ptr
                0x060bffa8                gfs_use_scudma
 *fill*         0x060bffac        0x4 00
 COMMON         0x060bffb0        0x8 ../Compiler/SGL_302j/lib_coff\libcd.a(GFS_CDF.O)
                0x060bffb0                gfcf_fad
                0x060bffb4                gfcf_stat
 *fill*         0x060bffb8        0x8 00
 COMMON         0x060bffc0        0xc ../Compiler/SGL_302j/lib_coff\libcd.a(GFS_CDC.O)
                0x060bffc0                gfcd_fatal_err
                0x060bffc4                gfcd_work
                0x060bffc8                gfcd_playflag
 *fill*         0x060bffcc        0x4 00
 COMMON         0x060bffd0        0x4 c:/users/alumno/documents/jo_engine_src/compiler/sh_coff/sh-coff/bin/../lib/gcc/sh-coff/4.0-GNUSH_v0601/../../../../sh-coff/lib\libc.a(syscalls.o)
                0x060bffd0                errno
                0x060bffd4                __bend = .
                0x060bffd4                _end = .
LOAD ../Compiler/SGL_302j/lib_coff/sglarea.o
LOAD ../Compiler/COMMON/cinit.o
LOAD main.o
LOAD ../jo_engine/font.o
LOAD ../jo_engine/effects.o
LOAD ../jo_engine/video.o
LOAD ../jo_engine/input.o
LOAD ../jo_engine/backup.o
LOAD ../jo_engine/3d.o
LOAD ../jo_engine/physics.o
LOAD ../jo_engine/math.o
LOAD ../jo_engine/malloc.o
LOAD ../jo_engine/audio.o
LOAD ../jo_engine/fs.o
LOAD ../jo_engine/core.o
LOAD ../jo_engine/tools.o
LOAD ../jo_engine/sprites.o
LOAD ../jo_engine/tga.o
LOAD ../jo_engine/map.o
LOAD ../jo_engine/list.o
LOAD ../jo_engine/sprite_animator.o
LOAD ../jo_engine/mode7.o
LOAD ../jo_engine/image.o
LOAD ../jo_engine/background.o
LOAD ../Compiler/SGL_302j/lib_coff\libcd.a
LOAD ../Compiler/SGL_302j/lib_coff\libsgl.a
LOAD ../Compiler/SGL_302j/lib_coff/SEGA_SYS.A
LOAD c:/users/alumno/documents/jo_engine_src/compiler/sh_coff/sh-coff/bin/../lib/gcc/sh-coff/4.0-GNUSH_v0601\libgcc.a
LOAD c:/users/alumno/documents/jo_engine_src/compiler/sh_coff/sh-coff/bin/../lib/gcc/sh-coff/4.0-GNUSH_v0601/../../../../sh-coff/lib\libc.a
LOAD c:/users/alumno/documents/jo_engine_src/compiler/sh_coff/sh-coff/bin/../lib/gcc/sh-coff/4.0-GNUSH_v0601\libgcc.a
OUTPUT(sl_coff.coff coff-sh)

.comment        0x060bffe0      0xea0
 .comment       0x060bffe0       0x20 ../Compiler/COMMON/cinit.o
 .comment       0x060c0000       0x20 main.o
 .comment       0x060c0020       0x20 ../jo_engine/font.o
 .comment       0x060c0040       0x20 ../jo_engine/effects.o
 .comment       0x060c0060       0x20 ../jo_engine/video.o
 .comment       0x060c0080       0x20 ../jo_engine/input.o
 .comment       0x060c00a0       0x20 ../jo_engine/backup.o
 .comment       0x060c00c0       0x20 ../jo_engine/3d.o
 .comment       0x060c00e0       0x20 ../jo_engine/physics.o
 .comment       0x060c0100       0x20 ../jo_engine/math.o
 .comment       0x060c0120       0x20 ../jo_engine/malloc.o
 .comment       0x060c0140       0x20 ../jo_engine/audio.o
 .comment       0x060c0160       0x20 ../jo_engine/fs.o
 .comment       0x060c0180       0x20 ../jo_engine/core.o
 .comment       0x060c01a0       0x20 ../jo_engine/tools.o
 .comment       0x060c01c0       0x20 ../jo_engine/sprites.o
 .comment       0x060c01e0       0x20 ../jo_engine/tga.o
 .comment       0x060c0200       0x20 ../jo_engine/map.o
 .comment       0x060c0220       0x20 ../jo_engine/list.o
 .comment       0x060c0240       0x20 ../jo_engine/sprite_animator.o
 .comment       0x060c0260       0x20 ../jo_engine/mode7.o
 .comment       0x060c0280       0x20 ../jo_engine/image.o
 .comment       0x060c02a0       0x20 ../jo_engine/background.o
 .comment       0x060c02c0       0x20 c:/users/alumno/documents/jo_engine_src/compiler/sh_coff/sh-coff/bin/../lib/gcc/sh-coff/4.0-GNUSH_v0601\libgcc.a(__main.o)
 .comment       0x060c02e0       0x20 c:/users/alumno/documents/jo_engine_src/compiler/sh_coff/sh-coff/bin/../lib/gcc/sh-coff/4.0-GNUSH_v0601\libgcc.a(_si_to_sf.o)
 .comment       0x060c0300       0x20 c:/users/alumno/documents/jo_engine_src/compiler/sh_coff/sh-coff/bin/../lib/gcc/sh-coff/4.0-GNUSH_v0601\libgcc.a(_sf_to_df.o)
 .comment       0x060c0320       0x20 c:/users/alumno/documents/jo_engine_src/compiler/sh_coff/sh-coff/bin/../lib/gcc/sh-coff/4.0-GNUSH_v0601\libgcc.a(_mul_df.o)
 .comment       0x060c0340       0x20 c:/users/alumno/documents/jo_engine_src/compiler/sh_coff/sh-coff/bin/../lib/gcc/sh-coff/4.0-GNUSH_v0601\libgcc.a(_df_to_si.o)
 .comment       0x060c0360       0x20 c:/users/alumno/documents/jo_engine_src/compiler/sh_coff/sh-coff/bin/../lib/gcc/sh-coff/4.0-GNUSH_v0601\libgcc.a(_sf_to_si.o)
 .comment       0x060c0380       0x20 c:/users/alumno/documents/jo_engine_src/compiler/sh_coff/sh-coff/bin/../lib/gcc/sh-coff/4.0-GNUSH_v0601\libgcc.a(_mul_sf.o)
 .comment       0x060c03a0       0x20 c:/users/alumno/documents/jo_engine_src/compiler/sh_coff/sh-coff/bin/../lib/gcc/sh-coff/4.0-GNUSH_v0601\libgcc.a(_le_sf.o)
 .comment       0x060c03c0       0x20 c:/users/alumno/documents/jo_engine_src/compiler/sh_coff/sh-coff/bin/../lib/gcc/sh-coff/4.0-GNUSH_v0601\libgcc.a(_ge_sf.o)
 .comment       0x060c03e0       0x20 c:/users/alumno/documents/jo_engine_src/compiler/sh_coff/sh-coff/bin/../lib/gcc/sh-coff/4.0-GNUSH_v0601\libgcc.a(_div_sf.o)
 .comment       0x060c0400       0x20 c:/users/alumno/documents/jo_engine_src/compiler/sh_coff/sh-coff/bin/../lib/gcc/sh-coff/4.0-GNUSH_v0601\libgcc.a(_lt_sf.o)
 .comment       0x060c0420       0x20 c:/users/alumno/documents/jo_engine_src/compiler/sh_coff/sh-coff/bin/../lib/gcc/sh-coff/4.0-GNUSH_v0601\libgcc.a(_addsub_sf.o)
 .comment       0x060c0440       0x20 c:/users/alumno/documents/jo_engine_src/compiler/sh_coff/sh-coff/bin/../lib/gcc/sh-coff/4.0-GNUSH_v0601\libgcc.a(_addsub_df.o)
 .comment       0x060c0460       0x20 c:/users/alumno/documents/jo_engine_src/compiler/sh_coff/sh-coff/bin/../lib/gcc/sh-coff/4.0-GNUSH_v0601\libgcc.a(_df_to_sf.o)
 .comment       0x060c0480       0x20 c:/users/alumno/documents/jo_engine_src/compiler/sh_coff/sh-coff/bin/../lib/gcc/sh-coff/4.0-GNUSH_v0601\libgcc.a(_gt_sf.o)
 .comment       0x060c04a0       0x20 c:/users/alumno/documents/jo_engine_src/compiler/sh_coff/sh-coff/bin/../lib/gcc/sh-coff/4.0-GNUSH_v0601\libgcc.a(_fixunssfsi.o)
 .comment       0x060c04c0       0x20 c:/users/alumno/documents/jo_engine_src/compiler/sh_coff/sh-coff/bin/../lib/gcc/sh-coff/4.0-GNUSH_v0601\libgcc.a(_pack_sf.o)
 .comment       0x060c04e0       0x20 c:/users/alumno/documents/jo_engine_src/compiler/sh_coff/sh-coff/bin/../lib/gcc/sh-coff/4.0-GNUSH_v0601\libgcc.a(_unpack_sf.o)
 .comment       0x060c0500       0x20 c:/users/alumno/documents/jo_engine_src/compiler/sh_coff/sh-coff/bin/../lib/gcc/sh-coff/4.0-GNUSH_v0601\libgcc.a(_make_df.o)
 .comment       0x060c0520       0x20 c:/users/alumno/documents/jo_engine_src/compiler/sh_coff/sh-coff/bin/../lib/gcc/sh-coff/4.0-GNUSH_v0601\libgcc.a(_unpack_df.o)
 .comment       0x060c0540       0x20 c:/users/alumno/documents/jo_engine_src/compiler/sh_coff/sh-coff/bin/../lib/gcc/sh-coff/4.0-GNUSH_v0601\libgcc.a(_muldi3.o)
 .comment       0x060c0560       0x20 c:/users/alumno/documents/jo_engine_src/compiler/sh_coff/sh-coff/bin/../lib/gcc/sh-coff/4.0-GNUSH_v0601\libgcc.a(_pack_df.o)
 .comment       0x060c0580       0x20 c:/users/alumno/documents/jo_engine_src/compiler/sh_coff/sh-coff/bin/../lib/gcc/sh-coff/4.0-GNUSH_v0601\libgcc.a(_thenan_df.o)
 .comment       0x060c05a0       0x20 c:/users/alumno/documents/jo_engine_src/compiler/sh_coff/sh-coff/bin/../lib/gcc/sh-coff/4.0-GNUSH_v0601\libgcc.a(_thenan_sf.o)
 .comment       0x060c05c0       0x20 c:/users/alumno/documents/jo_engine_src/compiler/sh_coff/sh-coff/bin/../lib/gcc/sh-coff/4.0-GNUSH_v0601\libgcc.a(_fpcmp_parts_sf.o)
 .comment       0x060c05e0       0x20 c:/users/alumno/documents/jo_engine_src/compiler/sh_coff/sh-coff/bin/../lib/gcc/sh-coff/4.0-GNUSH_v0601\libgcc.a(_make_sf.o)
 .comment       0x060c0600       0x20 c:/users/alumno/documents/jo_engine_src/compiler/sh_coff/sh-coff/bin/../lib/gcc/sh-coff/4.0-GNUSH_v0601/../../../../sh-coff/lib\libc.a(sscanf.o)
 .comment       0x060c0620       0x20 c:/users/alumno/documents/jo_engine_src/compiler/sh_coff/sh-coff/bin/../lib/gcc/sh-coff/4.0-GNUSH_v0601/../../../../sh-coff/lib\libc.a(sprintf.o)
 .comment       0x060c0640       0x20 c:/users/alumno/documents/jo_engine_src/compiler/sh_coff/sh-coff/bin/../lib/gcc/sh-coff/4.0-GNUSH_v0601/../../../../sh-coff/lib\libc.a(memcmp.o)
 .comment       0x060c0660       0x20 c:/users/alumno/documents/jo_engine_src/compiler/sh_coff/sh-coff/bin/../lib/gcc/sh-coff/4.0-GNUSH_v0601/../../../../sh-coff/lib\libc.a(strncmp.o)
 .comment       0x060c0680       0x20 c:/users/alumno/documents/jo_engine_src/compiler/sh_coff/sh-coff/bin/../lib/gcc/sh-coff/4.0-GNUSH_v0601/../../../../sh-coff/lib\libc.a(strncpy.o)
 .comment       0x060c06a0       0x20 c:/users/alumno/documents/jo_engine_src/compiler/sh_coff/sh-coff/bin/../lib/gcc/sh-coff/4.0-GNUSH_v0601/../../../../sh-coff/lib\libc.a(atexit.o)
 .comment       0x060c06c0       0x20 c:/users/alumno/documents/jo_engine_src/compiler/sh_coff/sh-coff/bin/../lib/gcc/sh-coff/4.0-GNUSH_v0601/../../../../sh-coff/lib\libc.a(impure.o)
 .comment       0x060c06e0       0x20 c:/users/alumno/documents/jo_engine_src/compiler/sh_coff/sh-coff/bin/../lib/gcc/sh-coff/4.0-GNUSH_v0601/../../../../sh-coff/lib\libc.a(vfscanf.o)
 .comment       0x060c0700       0x20 c:/users/alumno/documents/jo_engine_src/compiler/sh_coff/sh-coff/bin/../lib/gcc/sh-coff/4.0-GNUSH_v0601/../../../../sh-coff/lib\libc.a(vfprintf.o)
 .comment       0x060c0720       0x20 c:/users/alumno/documents/jo_engine_src/compiler/sh_coff/sh-coff/bin/../lib/gcc/sh-coff/4.0-GNUSH_v0601/../../../../sh-coff/lib\libc.a(malloc.o)
 .comment       0x060c0740       0x20 c:/users/alumno/documents/jo_engine_src/compiler/sh_coff/sh-coff/bin/../lib/gcc/sh-coff/4.0-GNUSH_v0601/../../../../sh-coff/lib\libc.a(ctype_.o)
 .comment       0x060c0760       0x20 c:/users/alumno/documents/jo_engine_src/compiler/sh_coff/sh-coff/bin/../lib/gcc/sh-coff/4.0-GNUSH_v0601/../../../../sh-coff/lib\libc.a(refill.o)
 .comment       0x060c0780       0x20 c:/users/alumno/documents/jo_engine_src/compiler/sh_coff/sh-coff/bin/../lib/gcc/sh-coff/4.0-GNUSH_v0601/../../../../sh-coff/lib\libc.a(strtol.o)
 .comment       0x060c07a0       0x20 c:/users/alumno/documents/jo_engine_src/compiler/sh_coff/sh-coff/bin/../lib/gcc/sh-coff/4.0-GNUSH_v0601/../../../../sh-coff/lib\libc.a(locale.o)
 .comment       0x060c07c0       0x20 c:/users/alumno/documents/jo_engine_src/compiler/sh_coff/sh-coff/bin/../lib/gcc/sh-coff/4.0-GNUSH_v0601/../../../../sh-coff/lib\libc.a(mbrtowc.o)
 .comment       0x060c07e0       0x20 c:/users/alumno/documents/jo_engine_src/compiler/sh_coff/sh-coff/bin/../lib/gcc/sh-coff/4.0-GNUSH_v0601/../../../../sh-coff/lib\libc.a(iswspace.o)
 .comment       0x060c0800       0x20 c:/users/alumno/documents/jo_engine_src/compiler/sh_coff/sh-coff/bin/../lib/gcc/sh-coff/4.0-GNUSH_v0601/../../../../sh-coff/lib\libc.a(ungetc.o)
 .comment       0x060c0820       0x20 c:/users/alumno/documents/jo_engine_src/compiler/sh_coff/sh-coff/bin/../lib/gcc/sh-coff/4.0-GNUSH_v0601/../../../../sh-coff/lib\libc.a(strtoul.o)
 .comment       0x060c0840       0x20 c:/users/alumno/documents/jo_engine_src/compiler/sh_coff/sh-coff/bin/../lib/gcc/sh-coff/4.0-GNUSH_v0601/../../../../sh-coff/lib\libc.a(fread.o)
 .comment       0x060c0860       0x20 c:/users/alumno/documents/jo_engine_src/compiler/sh_coff/sh-coff/bin/../lib/gcc/sh-coff/4.0-GNUSH_v0601/../../../../sh-coff/lib\libc.a(strtod.o)